******************************************************************************
             TMS320C2000 Linker PC v22.6.1                     
******************************************************************************
>> Linked Sun Jul 27 20:17:01 2025

OUTPUT FILE NAME:   <04_SVPWM.out>
ENTRY POINT SYMBOL: "_c_int00"  address: 003f58d3


MEMORY CONFIGURATION

         name            origin    length      used     unused   attr    fill
----------------------  --------  ---------  --------  --------  ----  --------
PAGE 0:
  RAML0                 00008000   00000800  000000e9  00000717  RWIX
  RAML1                 00008800   00000400  00000000  00000400  RWIX
  OTP                   003d7800   00000400  00000000  00000400  RWIX
  FLASHH                003d8000   00004000  00000000  00004000  RWIX
  FLASHG                003dc000   00004000  00000000  00004000  RWIX
  FLASHF                003e0000   00004000  00000000  00004000  RWIX
  FLASHE                003e4000   00004000  00000000  00004000  RWIX
  FLASHD                003e8000   00004000  000000e9  00003f17  RWIX
  FLASHC                003ec000   00004000  00001e88  00002178  RWIX
  FLASHA                003f4000   00003f80  00001d77  00002209  RWIX
  CSM_RSVD              003f7f80   00000076  00000000  00000076  RWIX
  BEGIN                 003f7ff6   00000002  00000002  00000000  RWIX
  CSM_PWL_P0            003f7ff8   00000008  00000000  00000008  RWIX
  FPUTABLES             003fd860   000006a0  00000000  000006a0  RWIX
  IQTABLES              003fdf00   00000b50  00000000  00000b50  RWIX
  IQTABLES2             003fea50   0000008c  00000000  0000008c  RWIX
  IQTABLES3             003feadc   000000aa  00000000  000000aa  RWIX
  ROM                   003ff3b0   00000c10  00000000  00000c10  RWIX
  RESET                 003fffc0   00000002  00000000  00000002  RWIX
  VECTORS               003fffc2   0000003e  00000000  0000003e  RWIX

PAGE 1:
  BOOT_RSVD             00000000   00000050  00000000  00000050  RWIX
  RAMM0                 00000050   000003b0  00000000  000003b0  RWIX
  RAMM1                 00000400   00000400  00000000  00000400  RWIX
  DEV_EMU               00000880   00000105  00000004  00000101  RWIX
  SYS_PWR_CTL           00000985   00000003  00000003  00000000  RWIX
  FLASH_REGS            00000a80   00000060  00000008  00000058  RWIX
  CSM                   00000ae0   00000020  00000010  00000010  RWIX
  ADC_RESULT            00000b00   00000020  00000010  00000010  RWIX
  CPU_TIMER0            00000c00   00000008  00000008  00000000  RWIX
  CPU_TIMER1            00000c08   00000008  00000008  00000000  RWIX
  CPU_TIMER2            00000c10   00000008  00000008  00000000  RWIX
  PIE_CTRL              00000ce0   00000020  0000001a  00000006  RWIX
  PIE_VECT              00000d00   00000100  00000100  00000000  RWIX
  DMA                   00001000   00000200  000000e0  00000120  RWIX
  CLA1                  00001400   00000080  00000040  00000040  RWIX
  USB0                  00004000   00001000  00000454  00000bac  RWIX
  McBSPA                00005000   00000040  00000024  0000001c  RWIX
  ECANA                 00006000   00000040  00000034  0000000c  RWIX
  ECANA_LAM             00006040   00000040  00000040  00000000  RWIX
  ECANA_MOTS            00006080   00000040  00000040  00000000  RWIX
  ECANA_MOTO            000060c0   00000040  00000040  00000000  RWIX
  ECANA_MBOX            00006100   00000100  00000100  00000000  RWIX
  COMP1                 00006400   00000020  00000014  0000000c  RWIX
  COMP2                 00006420   00000020  00000014  0000000c  RWIX
  COMP3                 00006440   00000020  00000014  0000000c  RWIX
  EPWM1                 00006800   00000040  00000040  00000000  RWIX
  EPWM2                 00006840   00000040  00000040  00000000  RWIX
  EPWM3                 00006880   00000040  00000040  00000000  RWIX
  EPWM4                 000068c0   00000040  00000040  00000000  RWIX
  EPWM5                 00006900   00000040  00000040  00000000  RWIX
  EPWM6                 00006940   00000040  00000040  00000000  RWIX
  EPWM7                 00006980   00000040  00000040  00000000  RWIX
  EPWM8                 000069c0   00000040  00000040  00000000  RWIX
  ECAP1                 00006a00   00000020  00000020  00000000  RWIX
  ECAP2                 00006a20   00000020  00000020  00000000  RWIX
  ECAP3                 00006a40   00000020  00000020  00000000  RWIX
  HRCAP1                00006ac0   00000020  00000020  00000000  RWIX
  HRCAP2                00006ae0   00000020  00000020  00000000  RWIX
  EQEP1                 00006b00   00000040  00000022  0000001e  RWIX
  EQEP2                 00006b40   00000040  00000022  0000001e  RWIX
  HRCAP3                00006c80   00000020  00000020  00000000  RWIX
  HRCAP4                00006ca0   00000020  00000020  00000000  RWIX
  GPIOCTRL              00006f80   00000040  00000040  00000000  RWIX
  GPIODAT               00006fc0   00000020  00000020  00000000  RWIX
  GPIOINT               00006fe0   00000020  00000020  00000000  RWIX
  SYSTEM                00007010   00000030  00000030  00000000  RWIX
  SPIA                  00007040   00000010  00000010  00000000  RWIX
  SCIA                  00007050   00000010  00000010  00000000  RWIX
  NMIINTRUPT            00007060   00000010  00000010  00000000  RWIX
  XINTRUPT              00007070   00000010  00000010  00000000  RWIX
  ADC                   00007100   00000080  00000050  00000030  RWIX
  SPIB                  00007740   00000010  00000010  00000000  RWIX
  SCIB                  00007750   00000010  00000010  00000000  RWIX
  I2CA                  00007900   00000040  00000022  0000001e  RWIX
  RAML2                 00008c00   00000400  00000000  00000400  RWIX
  RAML3                 00009000   00001000  00000000  00001000  RWIX
  RAML4                 0000a000   00002000  00000f52  000010ae  RWIX
  RAML5                 0000c000   00002000  00000000  00002000  RWIX
  RAML6                 0000e000   00002000  00000000  00002000  RWIX
  RAML7                 00010000   00002000  00000000  00002000  RWIX
  RAML8                 00012000   00002000  00000000  00002000  RWIX
  USB_RAM               00040000   00000800  00000000  00000800  RWIX
  PARTID                003d7e80   00000001  00000001  00000000  RWIX
  FLASHB                003f0000   00004000  00000000  00004000  RWIX
  CSM_PWL               003f7ff8   00000008  00000008  00000000  RWIX


SECTION ALLOCATION MAP

 output                                  attributes/
section   page    origin      length       input sections
--------  ----  ----------  ----------   ----------------
.cinit     0    003f5a9f    000002d8     
                  003f5a9f    00000203     MENU.obj (.cinit:_gImage_CUMT)
                  003f5ca2    00000082     main.obj (.cinit)
                  003f5d24    0000000e     rts2800_fpu32.lib : exit.c.obj (.cinit)
                  003f5d32    0000000a     epwm.obj (.cinit)
                  003f5d3c    00000005     rts2800_fpu32.lib : _lock.c.obj (.cinit:__lock)
                  003f5d41    00000005                       : _lock.c.obj (.cinit:__unlock)
                  003f5d46    00000005     main.obj (.cinit:_temp1)
                  003f5d4b    00000005     main.obj (.cinit:_temp2)
                  003f5d50    00000005     main.obj (.cinit:_temp3)
                  003f5d55    00000004     MENU.obj (.cinit)
                  003f5d59    00000004     bsp_key.obj (.cinit:_key1_flag)
                  003f5d5d    00000004     bsp_key.obj (.cinit:_key2_flag)
                  003f5d61    00000004     bsp_key.obj (.cinit:_key3_flag)
                  003f5d65    00000004     bsp_key.obj (.cinit:_key4_flag)
                  003f5d69    00000004     bsp_key.obj (.cinit:_key5_flag)
                  003f5d6d    00000004     bsp_key.obj (.cinit:_key6_flag)
                  003f5d71    00000004     bsp_key.obj (.cinit)
                  003f5d75    00000002     --HOLE-- [fill = 0]

.pinit     0    003f4000    00000000     UNINITIALIZED

ramfuncs   0    003e8000    000000e9     RUN ADDR = 00008000
                  003e8000    000000ca     main.obj (ramfuncs:retain)
                  003e80ca    0000001b     F2806x_SysCtrl.obj (ramfuncs)
                  003e80e5    00000004     F2806x_usDelay.obj (ramfuncs)

.text      0    003f4000    00001a9f     
                  003f4000    0000052e     user_svpwm_2l.obj (.text)
                  003f452e    00000524     OLED.obj (.text)
                  003f4a52    0000039b     F2806x_DefaultIsr.obj (.text:retain)
                  003f4ded    000002e7     MENU.obj (.text)
                  003f50d4    00000190     F2806x_SysCtrl.obj (.text)
                  003f5264    00000189     epwm.obj (.text)
                  003f53ed    0000010c     adc.obj (.text)
                  003f54f9    000000f1     gpio.obj (.text)
                  003f55ea    000000b6     bsp_key.obj (.text)
                  003f56a0    00000088     rts2800_fpu32.lib : fs_div28.asm.obj (.text)
                  003f5728    00000075     rampgen.obj (.text)
                  003f579d    0000006d     main.obj (.text)
                  003f580a    00000066     rts2800_fpu32.lib : s_sinf.c.obj (.text)
                  003f5870    00000063                       : s_cosf.c.obj (.text)
                  003f58d3    00000056                       : boot28.asm.obj (.text)
                  003f5929    0000003b     IIC.obj (.text)
                  003f5964    00000035     hardware_config.obj (.text)
                  003f5999    00000029     rts2800_fpu32.lib : exit.c.obj (.text)
                  003f59c2    00000028     F2806x_PieCtrl.obj (.text)
                  003f59ea    00000026     F2806x_PieVect.obj (.text)
                  003f5a10    00000024     rts2800_fpu32.lib : cpy_tbl.c.obj (.text)
                  003f5a34    0000001d                       : memcpy.c.obj (.text)
                  003f5a51    00000013     F2806x_MemCopy.obj (.text)
                  003f5a64    00000012     rts2800_fpu32.lib : args_main.c.obj (.text)
                  003f5a76    0000000b                       : u_div28.asm.obj (.text)
                  003f5a81    00000009                       : _lock.c.obj (.text)
                  003f5a8a    00000008     F2806x_CodeStartBranch.obj (.text)
                  003f5a92    00000007     F2806x_DisInt.obj (.text)
                  003f5a99    00000003     F2806x_DBGIER.obj (.text)
                  003f5a9c    00000002     rts2800_fpu32.lib : pre_init.c.obj (.text)
                  003f5a9e    00000001                       : startup.c.obj (.text)

codestart 
*          0    003f7ff6    00000002     
                  003f7ff6    00000002     F2806x_CodeStartBranch.obj (codestart)

DevEmuRegsFile 
*          1    00000880    00000004     UNINITIALIZED
                  00000880    00000004     F2806x_GlobalVariableDefs.obj (DevEmuRegsFile)

SysPwrCtrlRegsFile 
*          1    00000985    00000003     UNINITIALIZED
                  00000985    00000003     F2806x_GlobalVariableDefs.obj (SysPwrCtrlRegsFile)

FlashRegsFile 
*          1    00000a80    00000008     UNINITIALIZED
                  00000a80    00000008     F2806x_GlobalVariableDefs.obj (FlashRegsFile)

CsmRegsFile 
*          1    00000ae0    00000010     UNINITIALIZED
                  00000ae0    00000010     F2806x_GlobalVariableDefs.obj (CsmRegsFile)

AdcResultFile 
*          1    00000b00    00000010     UNINITIALIZED
                  00000b00    00000010     F2806x_GlobalVariableDefs.obj (AdcResultFile)

CpuTimer0RegsFile 
*          1    00000c00    00000008     UNINITIALIZED
                  00000c00    00000008     F2806x_GlobalVariableDefs.obj (CpuTimer0RegsFile)

CpuTimer1RegsFile 
*          1    00000c08    00000008     UNINITIALIZED
                  00000c08    00000008     F2806x_GlobalVariableDefs.obj (CpuTimer1RegsFile)

CpuTimer2RegsFile 
*          1    00000c10    00000008     UNINITIALIZED
                  00000c10    00000008     F2806x_GlobalVariableDefs.obj (CpuTimer2RegsFile)

PieCtrlRegsFile 
*          1    00000ce0    0000001a     UNINITIALIZED
                  00000ce0    0000001a     F2806x_GlobalVariableDefs.obj (PieCtrlRegsFile)

DmaRegsFile 
*          1    00001000    000000e0     UNINITIALIZED
                  00001000    000000e0     F2806x_GlobalVariableDefs.obj (DmaRegsFile)

ECanaMOTSRegsFile 
*          1    00006080    00000040     UNINITIALIZED
                  00006080    00000040     F2806x_GlobalVariableDefs.obj (ECanaMOTSRegsFile)

ECanaMOTORegsFile 
*          1    000060c0    00000040     UNINITIALIZED
                  000060c0    00000040     F2806x_GlobalVariableDefs.obj (ECanaMOTORegsFile)

.ebss      1    0000a000    00000c52     UNINITIALIZED
                  0000a000    00000480     OLED.obj (.ebss:_OLED_GRAM)
                  0000a480    00000206     MENU.obj (.ebss:_gImage_CUMT)
                  0000a686    00000018     F2806x_CpuTimers.obj (.ebss)
                  0000a69e    00000006     rts2800_fpu32.lib : exit.c.obj (.ebss)
                  0000a6a4    00000004     bsp_key.obj (.ebss:_key1_flag)
                  0000a6a8    00000004     bsp_key.obj (.ebss:_key2_flag)
                  0000a6ac    00000004     bsp_key.obj (.ebss:_key3_flag)
                  0000a6b0    00000004     bsp_key.obj (.ebss:_key4_flag)
                  0000a6b4    00000004     bsp_key.obj (.ebss:_key5_flag)
                  0000a6b8    00000004     bsp_key.obj (.ebss:_key6_flag)
                  0000a6bc    00000004     epwm.obj (.ebss)
                  0000a6c0    00000190     main.obj (.ebss:_temp1)
                  0000a850    00000002     rts2800_fpu32.lib : _lock.c.obj (.ebss:__lock)
                  0000a852    00000002                       : _lock.c.obj (.ebss:__unlock)
                  0000a854    00000001     MENU.obj (.ebss)
                  0000a855    00000001     bsp_key.obj (.ebss)
                  0000a856    0000002a     --HOLE--
                  0000a880    00000190     main.obj (.ebss:_temp2)
                  0000aa10    00000030     --HOLE--
                  0000aa40    00000190     main.obj (.ebss:_temp3)
                  0000abd0    00000030     --HOLE--
                  0000ac00    00000052     main.obj (.ebss)

.stack     1    0000ac52    00000300     UNINITIALIZED
                  0000ac52    00000300     --HOLE--

.econst    0    003ec000    00001e88     
                  003ec000    00000d5c     OLED.obj (.econst:_asc2_2412)
                  003ecd5c    000005f0     OLED.obj (.econst:_asc2_1608)
                  003ed34c    00000474     OLED.obj (.econst:_asc2_1206)
                  003ed7c0    00000228     OLED.obj (.econst:_asc2_0806)
                  003ed9e8    00000200     OLED.obj (.econst:_Hzk4)
                  003edbe8    00000100     F2806x_PieVect.obj (.econst:_PieVectTableInit)
                  003edce8    000000b4     MENU.obj (.econst:.string)
                  003edd9c    00000080     OLED.obj (.econst:_Hzk3)
                  003ede1c    00000048     OLED.obj (.econst:_Hzk2)
                  003ede64    00000020     OLED.obj (.econst:_Hzk1)
                  003ede84    00000004     OLED.obj (.econst:.string)

.reset     0    003fffc0    00000002     DSECT
                  003fffc0    00000002     rts2800_fpu32.lib : boot28.asm.obj (.reset)

vectors    0    003fffc2    00000000     DSECT

PieVectTableFile 
*          1    00000d00    00000100     UNINITIALIZED
                  00000d00    00000100     F2806x_GlobalVariableDefs.obj (PieVectTableFile)

EmuKeyVar 
*          1    00000d00    00000001     UNINITIALIZED
                  00000d00    00000001     F2806x_GlobalVariableDefs.obj (EmuKeyVar)

EmuBModeVar 
*          1    00000d01    00000001     UNINITIALIZED
                  00000d01    00000001     F2806x_GlobalVariableDefs.obj (EmuBModeVar)

FlashCallbackVar 
*          1    00000d02    00000002     UNINITIALIZED
                  00000d02    00000002     F2806x_GlobalVariableDefs.obj (FlashCallbackVar)

FlashScalingVar 
*          1    00000d04    00000002     UNINITIALIZED
                  00000d04    00000002     F2806x_GlobalVariableDefs.obj (FlashScalingVar)

Cla1RegsFile 
*          1    00001400    00000040     UNINITIALIZED
                  00001400    00000040     F2806x_GlobalVariableDefs.obj (Cla1RegsFile)

Usb0RegsFile 
*          1    00004000    00000454     UNINITIALIZED
                  00004000    00000454     F2806x_GlobalVariableDefs.obj (Usb0RegsFile)

McbspaRegsFile 
*          1    00005000    00000024     UNINITIALIZED
                  00005000    00000024     F2806x_GlobalVariableDefs.obj (McbspaRegsFile)

ECanaRegsFile 
*          1    00006000    00000034     UNINITIALIZED
                  00006000    00000034     F2806x_GlobalVariableDefs.obj (ECanaRegsFile)

ECanaLAMRegsFile 
*          1    00006040    00000040     UNINITIALIZED
                  00006040    00000040     F2806x_GlobalVariableDefs.obj (ECanaLAMRegsFile)

ECanaMboxesFile 
*          1    00006100    00000100     UNINITIALIZED
                  00006100    00000100     F2806x_GlobalVariableDefs.obj (ECanaMboxesFile)

Comp1RegsFile 
*          1    00006400    00000014     UNINITIALIZED
                  00006400    00000014     F2806x_GlobalVariableDefs.obj (Comp1RegsFile)

Comp2RegsFile 
*          1    00006420    00000014     UNINITIALIZED
                  00006420    00000014     F2806x_GlobalVariableDefs.obj (Comp2RegsFile)

Comp3RegsFile 
*          1    00006440    00000014     UNINITIALIZED
                  00006440    00000014     F2806x_GlobalVariableDefs.obj (Comp3RegsFile)

EPwm1RegsFile 
*          1    00006800    00000040     UNINITIALIZED
                  00006800    00000040     F2806x_GlobalVariableDefs.obj (EPwm1RegsFile)

EPwm2RegsFile 
*          1    00006840    00000040     UNINITIALIZED
                  00006840    00000040     F2806x_GlobalVariableDefs.obj (EPwm2RegsFile)

EPwm3RegsFile 
*          1    00006880    00000040     UNINITIALIZED
                  00006880    00000040     F2806x_GlobalVariableDefs.obj (EPwm3RegsFile)

EPwm4RegsFile 
*          1    000068c0    00000040     UNINITIALIZED
                  000068c0    00000040     F2806x_GlobalVariableDefs.obj (EPwm4RegsFile)

EPwm5RegsFile 
*          1    00006900    00000040     UNINITIALIZED
                  00006900    00000040     F2806x_GlobalVariableDefs.obj (EPwm5RegsFile)

EPwm6RegsFile 
*          1    00006940    00000040     UNINITIALIZED
                  00006940    00000040     F2806x_GlobalVariableDefs.obj (EPwm6RegsFile)

EPwm7RegsFile 
*          1    00006980    00000040     UNINITIALIZED
                  00006980    00000040     F2806x_GlobalVariableDefs.obj (EPwm7RegsFile)

EPwm8RegsFile 
*          1    000069c0    00000040     UNINITIALIZED
                  000069c0    00000040     F2806x_GlobalVariableDefs.obj (EPwm8RegsFile)

ECap1RegsFile 
*          1    00006a00    00000020     UNINITIALIZED
                  00006a00    00000020     F2806x_GlobalVariableDefs.obj (ECap1RegsFile)

ECap2RegsFile 
*          1    00006a20    00000020     UNINITIALIZED
                  00006a20    00000020     F2806x_GlobalVariableDefs.obj (ECap2RegsFile)

ECap3RegsFile 
*          1    00006a40    00000020     UNINITIALIZED
                  00006a40    00000020     F2806x_GlobalVariableDefs.obj (ECap3RegsFile)

HRCap1RegsFile 
*          1    00006ac0    00000020     UNINITIALIZED
                  00006ac0    00000020     F2806x_GlobalVariableDefs.obj (HRCap1RegsFile)

HRCap2RegsFile 
*          1    00006ae0    00000020     UNINITIALIZED
                  00006ae0    00000020     F2806x_GlobalVariableDefs.obj (HRCap2RegsFile)

EQep1RegsFile 
*          1    00006b00    00000022     UNINITIALIZED
                  00006b00    00000022     F2806x_GlobalVariableDefs.obj (EQep1RegsFile)

EQep2RegsFile 
*          1    00006b40    00000022     UNINITIALIZED
                  00006b40    00000022     F2806x_GlobalVariableDefs.obj (EQep2RegsFile)

HRCap3RegsFile 
*          1    00006c80    00000020     UNINITIALIZED
                  00006c80    00000020     F2806x_GlobalVariableDefs.obj (HRCap3RegsFile)

HRCap4RegsFile 
*          1    00006ca0    00000020     UNINITIALIZED
                  00006ca0    00000020     F2806x_GlobalVariableDefs.obj (HRCap4RegsFile)

GpioCtrlRegsFile 
*          1    00006f80    00000040     UNINITIALIZED
                  00006f80    00000040     F2806x_GlobalVariableDefs.obj (GpioCtrlRegsFile)

GpioDataRegsFile 
*          1    00006fc0    00000020     UNINITIALIZED
                  00006fc0    00000020     F2806x_GlobalVariableDefs.obj (GpioDataRegsFile)

GpioIntRegsFile 
*          1    00006fe0    00000020     UNINITIALIZED
                  00006fe0    00000020     F2806x_GlobalVariableDefs.obj (GpioIntRegsFile)

SysCtrlRegsFile 
*          1    00007010    00000030     UNINITIALIZED
                  00007010    00000030     F2806x_GlobalVariableDefs.obj (SysCtrlRegsFile)

SpiaRegsFile 
*          1    00007040    00000010     UNINITIALIZED
                  00007040    00000010     F2806x_GlobalVariableDefs.obj (SpiaRegsFile)

SciaRegsFile 
*          1    00007050    00000010     UNINITIALIZED
                  00007050    00000010     F2806x_GlobalVariableDefs.obj (SciaRegsFile)

NmiIntruptRegsFile 
*          1    00007060    00000010     UNINITIALIZED
                  00007060    00000010     F2806x_GlobalVariableDefs.obj (NmiIntruptRegsFile)

XIntruptRegsFile 
*          1    00007070    00000010     UNINITIALIZED
                  00007070    00000010     F2806x_GlobalVariableDefs.obj (XIntruptRegsFile)

AdcRegsFile 
*          1    00007100    00000050     UNINITIALIZED
                  00007100    00000050     F2806x_GlobalVariableDefs.obj (AdcRegsFile)

SpibRegsFile 
*          1    00007740    00000010     UNINITIALIZED
                  00007740    00000010     F2806x_GlobalVariableDefs.obj (SpibRegsFile)

ScibRegsFile 
*          1    00007750    00000010     UNINITIALIZED
                  00007750    00000010     F2806x_GlobalVariableDefs.obj (ScibRegsFile)

I2caRegsFile 
*          1    00007900    00000022     UNINITIALIZED
                  00007900    00000022     F2806x_GlobalVariableDefs.obj (I2caRegsFile)

PartIdRegsFile 
*          1    003d7e80    00000001     UNINITIALIZED
                  003d7e80    00000001     F2806x_GlobalVariableDefs.obj (PartIdRegsFile)

CsmPwlFile 
*          1    003f7ff8    00000008     UNINITIALIZED
                  003f7ff8    00000008     F2806x_GlobalVariableDefs.obj (CsmPwlFile)

MODULE SUMMARY

       Module                          code   initialized data   uninitialized data
       ------                          ----   ----------------   ------------------
    .\
       main.obj                        513    145                1282              
    +--+-------------------------------+------+------------------+--------------------+
       Total:                          513    145                1282              
                                                                                   
    .\User\App\
       user_svpwm_2l.obj               1326   0                  0                 
       rampgen.obj                     117    0                  0                 
       hardware_config.obj             53     0                  0                 
    +--+-------------------------------+------+------------------+--------------------+
       Total:                          1496   0                  0                 
                                                                                   
    .\User\Devices\IIC\
       IIC.obj                         59     0                  0                 
    +--+-------------------------------+------+------------------+--------------------+
       Total:                          59     0                  0                 
                                                                                   
    .\User\Devices\OLED\
       OLED.obj                        1316   7380               1152              
       MENU.obj                        743    699                519               
    +--+-------------------------------+------+------------------+--------------------+
       Total:                          2059   8079               1671              
                                                                                   
    .\User\bsp\
       epwm.obj                        393    10                 4                 
       adc.obj                         268    0                  0                 
       gpio.obj                        241    0                  0                 
       bsp_key.obj                     182    28                 25                
       F2806x_MemCopy.obj              19     0                  0                 
    +--+-------------------------------+------+------------------+--------------------+
       Total:                          1103   38                 29                
                                                                                   
    .\libraries\source\
       F2806x_GlobalVariableDefs.obj   0      0                  3550              
       F2806x_DefaultIsr.obj           923    0                  0                 
       F2806x_SysCtrl.obj              454    0                  0                 
       F2806x_PieVect.obj              38     256                0                 
       F2806x_PieCtrl.obj              40     0                  0                 
       F2806x_CpuTimers.obj            0      0                  24                
       F2806x_CodeStartBranch.obj      10     0                  0                 
       F2806x_usDelay.obj              8      0                  0                 
       F2806x_DisInt.obj               7      0                  0                 
       F2806x_DBGIER.obj               3      0                  0                 
    +--+-------------------------------+------+------------------+--------------------+
       Total:                          1483   256                3574              
                                                                                   
    C:\ti\ccs1281\ccs\tools\compiler\ti-cgt-c2000_22.6.1.LTS\lib\rts2800_fpu32.lib
       fs_div28.asm.obj                136    0                  0                 
       s_sinf.c.obj                    102    0                  0                 
       s_cosf.c.obj                    99     0                  0                 
       boot28.asm.obj                  86     0                  0                 
       exit.c.obj                      41     14                 6                 
       cpy_tbl.c.obj                   36     0                  0                 
       memcpy.c.obj                    29     0                  0                 
       _lock.c.obj                     9      10                 4                 
       args_main.c.obj                 18     0                  0                 
       u_div28.asm.obj                 11     0                  0                 
       pre_init.c.obj                  2      0                  0                 
       startup.c.obj                   1      0                  0                 
    +--+-------------------------------+------+------------------+--------------------+
       Total:                          570    24                 10                
                                                                                   
       Stack:                          0      0                  768               
    +--+-------------------------------+------+------------------+--------------------+
       Grand Total:                    7283   8542               7334              


GLOBAL DATA SYMBOLS: SORTED BY DATA PAGE

address     data page           name
--------    ----------------    ----
00000880      22 (00000880)     _DevEmuRegs

00000985      26 (00000980)     _SysPwrCtrlRegs

00000a80      2a (00000a80)     _FlashRegs

00000ae0      2b (00000ac0)     _CsmRegs

00000b00      2c (00000b00)     _AdcResult

00000c00      30 (00000c00)     _CpuTimer0Regs
00000c08      30 (00000c00)     _CpuTimer1Regs
00000c10      30 (00000c00)     _CpuTimer2Regs

00000ce0      33 (00000cc0)     _PieCtrlRegs

00000d00      34 (00000d00)     _EmuKey
00000d00      34 (00000d00)     _PieVectTable
00000d01      34 (00000d00)     _EmuBMode
00000d02      34 (00000d00)     _Flash_CallbackPtr
00000d04      34 (00000d00)     _Flash_CPUScaleFactor

00001000      40 (00001000)     _DmaRegs

00001400      50 (00001400)     _Cla1Regs

00004000     100 (00004000)     _Usb0Regs

00005000     140 (00005000)     _McbspaRegs

00006000     180 (00006000)     _ECanaRegs

00006040     181 (00006040)     _ECanaLAMRegs

00006080     182 (00006080)     _ECanaMOTSRegs

000060c0     183 (000060c0)     _ECanaMOTORegs

00006100     184 (00006100)     _ECanaMboxes

00006400     190 (00006400)     _Comp1Regs
00006420     190 (00006400)     _Comp2Regs

00006440     191 (00006440)     _Comp3Regs

00006800     1a0 (00006800)     _EPwm1Regs

00006840     1a1 (00006840)     _EPwm2Regs

00006880     1a2 (00006880)     _EPwm3Regs

000068c0     1a3 (000068c0)     _EPwm4Regs

00006900     1a4 (00006900)     _EPwm5Regs

00006940     1a5 (00006940)     _EPwm6Regs

00006980     1a6 (00006980)     _EPwm7Regs

000069c0     1a7 (000069c0)     _EPwm8Regs

00006a00     1a8 (00006a00)     _ECap1Regs
00006a20     1a8 (00006a00)     _ECap2Regs

00006a40     1a9 (00006a40)     _ECap3Regs

00006ac0     1ab (00006ac0)     _HRCap1Regs
00006ae0     1ab (00006ac0)     _HRCap2Regs

00006b00     1ac (00006b00)     _EQep1Regs

00006b40     1ad (00006b40)     _EQep2Regs

00006c80     1b2 (00006c80)     _HRCap3Regs
00006ca0     1b2 (00006c80)     _HRCap4Regs

00006f80     1be (00006f80)     _GpioCtrlRegs

00006fc0     1bf (00006fc0)     _GpioDataRegs
00006fe0     1bf (00006fc0)     _GpioIntRegs

00007010     1c0 (00007000)     _SysCtrlRegs

00007040     1c1 (00007040)     _SpiaRegs
00007050     1c1 (00007040)     _SciaRegs
00007060     1c1 (00007040)     _NmiIntruptRegs
00007070     1c1 (00007040)     _XIntruptRegs

00007100     1c4 (00007100)     _AdcRegs

00007740     1dd (00007740)     _SpibRegs
00007750     1dd (00007740)     _ScibRegs

00007900     1e4 (00007900)     _I2caRegs

0000a000     280 (0000a000)     _OLED_GRAM

0000a480     292 (0000a480)     _gImage_CUMT

0000a686     29a (0000a680)     _CpuTimer0
0000a68e     29a (0000a680)     _CpuTimer1
0000a696     29a (0000a680)     _CpuTimer2
0000a69e     29a (0000a680)     ___TI_enable_exit_profile_output
0000a6a0     29a (0000a680)     ___TI_cleanup_ptr
0000a6a2     29a (0000a680)     ___TI_dtors_ptr
0000a6a4     29a (0000a680)     _key1_flag
0000a6a8     29a (0000a680)     _key2_flag
0000a6ac     29a (0000a680)     _key3_flag
0000a6b0     29a (0000a680)     _key4_flag
0000a6b4     29a (0000a680)     _key5_flag
0000a6b8     29a (0000a680)     _key6_flag
0000a6bc     29a (0000a680)     _PWMshow
0000a6be     29a (0000a680)     _PWMtest

0000a6c0     29b (0000a6c0)     _temp1

0000a850     2a1 (0000a840)     __lock
0000a852     2a1 (0000a840)     __unlock
0000a854     2a1 (0000a840)     _Menu_Item
0000a855     2a1 (0000a840)     _g_Button

0000a880     2a2 (0000a880)     _temp2

0000aa40     2a9 (0000aa40)     _temp3

0000ac00     2b0 (0000ac00)     _OLED_count
0000ac01     2b0 (0000ac00)     _Buzzer_count
0000ac02     2b0 (0000ac00)     _Watch_count
0000ac03     2b0 (0000ac00)     _RUN_Flag
0000ac04     2b0 (0000ac00)     _Stop_Flag
0000ac05     2b0 (0000ac00)     _Buzzer_Flag
0000ac06     2b0 (0000ac00)     _Mode
0000ac08     2b0 (0000ac00)     _svpwm_ua
0000ac0a     2b0 (0000ac00)     _svpwm_ub
0000ac0c     2b0 (0000ac00)     _svpwm_uc
0000ac0e     2b0 (0000ac00)     _udc
0000ac10     2b0 (0000ac00)     _Uab_set
0000ac12     2b0 (0000ac00)     _Ia_set
0000ac14     2b0 (0000ac00)     _Uab_real
0000ac16     2b0 (0000ac00)     _Vdc_real
0000ac18     2b0 (0000ac00)     _Ia_real
0000ac1a     2b0 (0000ac00)     _svpwm_2l
0000ac2a     2b0 (0000ac00)     _rampgen_vs

0000ac40     2b1 (0000ac40)     _grid_voltage
0000ac52     2b1 (0000ac40)     __stack

003d7e80    f5fa (003d7e80)     _PartIdRegs

003ec000    fb00 (003ec000)     _asc2_2412

003ecd5c    fb35 (003ecd40)     _asc2_1608

003ed34c    fb4d (003ed340)     _asc2_1206

003ed7c0    fb5f (003ed7c0)     _asc2_0806

003ed9e8    fb67 (003ed9c0)     _Hzk4

003edbe8    fb6f (003edbc0)     _PieVectTableInit

003edd9c    fb76 (003edd80)     _Hzk3

003ede1c    fb78 (003ede00)     _Hzk2

003ede64    fb79 (003ede40)     _Hzk1

003f7ff8    fdff (003f7fc0)     _CsmPwl


GLOBAL SYMBOLS: SORTED ALPHABETICALLY BY Name 

page  address   name                            
----  -------   ----                            
0     003f4000  .text                           
0     003f5999  C$$EXIT                         
0     003f56a0  FS$$DIV                         
0     003f5a76  U$$DIV                          
0     003f5a7b  U$$MOD                          
0     003f4b10  _ADCINT1_ISR                    
0     003f4b1a  _ADCINT2_ISR                    
0     003f4d22  _ADCINT3_ISR                    
0     003f4d2c  _ADCINT4_ISR                    
0     003f4d36  _ADCINT5_ISR                    
0     003f4d40  _ADCINT6_ISR                    
0     003f4d4a  _ADCINT7_ISR                    
0     003f4d54  _ADCINT8_ISR                    
0     003f4b38  _ADCINT9_ISR                    
0     003f53ed  _ADC_Init                       
0     003f54e7  _ADC_Trig_Init                  
1     00007100  _AdcRegs                        
1     00000b00  _AdcResult                      
0     00008000  _Adc_ISR                        
1     0000ac05  _Buzzer_Flag                    
1     0000ac01  _Buzzer_count                   
0     003f4d5e  _CLA1_INT1_ISR                  
0     003f4d68  _CLA1_INT2_ISR                  
0     003f4d72  _CLA1_INT3_ISR                  
0     003f4d7c  _CLA1_INT4_ISR                  
0     003f4d86  _CLA1_INT5_ISR                  
0     003f4d90  _CLA1_INT6_ISR                  
0     003f4d9a  _CLA1_INT7_ISR                  
0     003f4da4  _CLA1_INT8_ISR                  
1     00001400  _Cla1Regs                       
1     00006400  _Comp1Regs                      
1     00006420  _Comp2Regs                      
1     00006440  _Comp3Regs                      
1     0000a686  _CpuTimer0                      
1     00000c00  _CpuTimer0Regs                  
1     0000a68e  _CpuTimer1                      
1     00000c08  _CpuTimer1Regs                  
1     0000a696  _CpuTimer2                      
1     00000c10  _CpuTimer2Regs                  
1     003f7ff8  _CsmPwl                         
1     00000ae0  _CsmRegs                        
0     003f51d8  _CsmUnlock                      
0     003f4a66  _DATALOG_ISR                    
0     003f4c96  _DINTCH1_ISR                    
0     003f4ca0  _DINTCH2_ISR                    
0     003f4caa  _DINTCH3_ISR                    
0     003f4cb4  _DINTCH4_ISR                    
0     003f4cbe  _DINTCH5_ISR                    
0     003f4cc8  _DINTCH6_ISR                    
0     003f5a92  _DSP28x_DisableInt              
0     003f5a96  _DSP28x_RestoreInt              
0     000080e5  _DSP28x_usDelay                 
1     00000880  _DevEmuRegs                     
0     003f50f8  _DisableDog                     
1     00001000  _DmaRegs                        
0     003f4d0e  _ECAN0INTA_ISR                  
0     003f4d18  _ECAN1INTA_ISR                  
0     003f4bf6  _ECAP1_INT_ISR                  
0     003f4c00  _ECAP2_INT_ISR                  
0     003f4c0a  _ECAP3_INT_ISR                  
1     00006040  _ECanaLAMRegs                   
1     000060c0  _ECanaMOTORegs                  
1     00006080  _ECanaMOTSRegs                  
1     00006100  _ECanaMboxes                    
1     00006000  _ECanaRegs                      
1     00006a00  _ECap1Regs                      
1     00006a20  _ECap2Regs                      
1     00006a40  _ECap3Regs                      
0     003f4dcc  _EMPTY_ISR                      
0     003f4a7a  _EMUINT_ISR                     
0     003f4ba6  _EPWM1_INT_ISR                  
0     003f4b56  _EPWM1_TZINT_ISR                
0     003f4bb0  _EPWM2_INT_ISR                  
0     003f4b60  _EPWM2_TZINT_ISR                
0     003f4bba  _EPWM3_INT_ISR                  
0     003f4b6a  _EPWM3_TZINT_ISR                
0     003f4bc4  _EPWM4_INT_ISR                  
0     003f4b74  _EPWM4_TZINT_ISR                
0     003f4bce  _EPWM5_INT_ISR                  
0     003f4b7e  _EPWM5_TZINT_ISR                
0     003f4bd8  _EPWM6_INT_ISR                  
0     003f4b88  _EPWM6_TZINT_ISR                
0     003f4be2  _EPWM7_INT_ISR                  
0     003f4b92  _EPWM7_TZINT_ISR                
0     003f4bec  _EPWM8_INT_ISR                  
0     003f4b9c  _EPWM8_TZINT_ISR                
1     00006800  _EPwm1Regs                      
1     00006840  _EPwm2Regs                      
1     00006880  _EPwm3Regs                      
1     000068c0  _EPwm4Regs                      
1     00006900  _EPwm5Regs                      
1     00006940  _EPwm6Regs                      
1     00006980  _EPwm7Regs                      
1     000069c0  _EPwm8Regs                      
0     003f4c28  _EQEP1_INT_ISR                  
0     003f4c32  _EQEP2_INT_ISR                  
1     00006b00  _EQep1Regs                      
1     00006b40  _EQep2Regs                      
1     00000d01  _EmuBMode                       
1     00000d00  _EmuKey                         
0     003f59e1  _EnableInterrupts               
0     003f524e  _ExtOscSel                      
1     00000a80  _FlashRegs                      
1     00000d04  _Flash_CPUScaleFactor           
1     00000d02  _Flash_CallbackPtr              
0     003f54f9  _GPIO_Init                      
1     00006f80  _GpioCtrlRegs                   
1     00006fc0  _GpioDataRegs                   
1     00006fe0  _GpioIntRegs                    
0     003f4c14  _HRCAP1_INT_ISR                 
0     003f4c1e  _HRCAP2_INT_ISR                 
0     003f4c3c  _HRCAP3_INT_ISR                 
0     003f4c46  _HRCAP4_INT_ISR                 
1     00006ac0  _HRCap1Regs                     
1     00006ae0  _HRCap2Regs                     
1     00006c80  _HRCap3Regs                     
1     00006ca0  _HRCap4Regs                     
0     003f5964  _Hardware_Config                
0     003ede64  _Hzk1                           
0     003ede1c  _Hzk2                           
0     003edd9c  _Hzk3                           
0     003ed9e8  _Hzk4                           
0     003f4cd2  _I2CINT1A_ISR                   
0     003f4cdc  _I2CINT2A_ISR                   
0     003f5929  _I2C_GPIO_Init                  
0     003f5947  _I2C_Start                      
0     003f5952  _I2C_Stop                       
0     003f595b  _I2C_WaitAck                    
1     00007900  _I2caRegs                       
0     003f5943  _IIC_delay                      
0     003f4a8e  _ILLEGAL_ISR                    
0     003f4a52  _INT13_ISR                      
0     003f4a5c  _INT14_ISR                      
1     0000ac18  _Ia_real                        
1     0000ac12  _Ia_set                         
0     000080ca  _InitFlash                      
0     003f5182  _InitPeripheralClocks           
0     003f59c2  _InitPieCtrl                    
0     003f59ea  _InitPieVectTable               
0     003f5100  _InitPll                        
0     003f5154  _InitPll2                       
0     003f50d4  _InitSysCtrl                    
0     003f5209  _IntOsc1Sel                     
0     003f5219  _IntOsc2Sel                     
0     003f55ea  _Key_Scan                       
0     003f4dc2  _LUF_ISR                        
0     003f4db8  _LVF_ISR                        
0     003f5004  _MENU_Item_KEY                  
0     003f4c82  _MRINTA_ISR                     
0     003f4c8c  _MXINTA_ISR                     
0     003f5264  _Master_EPWM_Init               
1     00005000  _McbspaRegs                     
0     003f5a51  _MemCopy                        
1     0000a854  _Menu_Item                      
1     0000ac06  _Mode                           
0     003f4a84  _NMI_ISR                        
1     00007060  _NmiIntruptRegs                 
0     003f45e9  _OLED_Clear                     
0     003f452e  _OLED_ColorTurn                 
0     003f45a1  _OLED_DisPlay_Off               
0     003f4594  _OLED_DisPlay_On                
0     003f4ded  _OLED_Display                   
0     003f453f  _OLED_DisplayTurn               
0     003f469e  _OLED_DrawCircle                
0     003f4650  _OLED_DrawLine                  
0     003f4607  _OLED_DrawPoint                 
1     0000a000  _OLED_GRAM                      
0     003f49e1  _OLED_Init                      
0     003f47a9  _OLED_Pow                       
0     003f45ae  _OLED_Refresh                   
0     003f4919  _OLED_ScrollDisplay             
0     003f46f7  _OLED_ShowChar                  
0     003f4898  _OLED_ShowChinese               
0     003f4820  _OLED_ShowFloat                 
0     003f47bb  _OLED_ShowNum                   
0     003f4989  _OLED_ShowPicture               
0     003f4786  _OLED_ShowString                
0     003f4576  _OLED_WR_Byte                   
1     0000ac00  _OLED_count                     
0     003f4dd9  _PIE_RESERVED                   
0     003f53a7  _PWM_Dis                        
0     003f5353  _PWM_EN                         
1     0000a6bc  _PWMshow                        
1     0000a6be  _PWMtest                        
1     003d7e80  _PartIdRegs                     
1     00000ce0  _PieCtrlRegs                    
1     00000d00  _PieVectTable                   
0     003edbe8  _PieVectTableInit               
0     003f4a70  _RTOSINT_ISR                    
1     0000ac03  _RUN_Flag                       
0     003e80e9  _RamfuncsLoadEnd                
0     003e8000  _RamfuncsLoadStart              
0     00008000  _RamfuncsRunStart               
0     003f4ce6  _SCIRXINTA_ISR                  
0     003f4cfa  _SCIRXINTB_ISR                  
0     003f4cf0  _SCITXINTA_ISR                  
0     003f4d04  _SCITXINTB_ISR                  
0     003f4c5a  _SPIRXINTA_ISR                  
0     003f4c6e  _SPIRXINTB_ISR                  
0     003f4c64  _SPITXINTA_ISR                  
0     003f4c78  _SPITXINTB_ISR                  
1     00007050  _SciaRegs                       
1     00007750  _ScibRegs                       
0     003f4558  _Send_Byte                      
0     003f50ee  _ServiceDog                     
0     003f5a99  _SetDBGIER                      
0     003f52b6  _Slave_EPWM_Init                
1     00007040  _SpiaRegs                       
1     00007740  _SpibRegs                       
1     0000ac04  _Stop_Flag                      
1     00007010  _SysCtrlRegs                    
1     00000985  _SysPwrCtrlRegs                 
0     003f4b42  _TINT0_ISR                      
0     003f4c50  _USB0_INT_ISR                   
0     003f4af2  _USER10_ISR                     
0     003f4afc  _USER11_ISR                     
0     003f4b06  _USER12_ISR                     
0     003f4a98  _USER1_ISR                      
0     003f4aa2  _USER2_ISR                      
0     003f4aac  _USER3_ISR                      
0     003f4ab6  _USER4_ISR                      
0     003f4ac0  _USER5_ISR                      
0     003f4aca  _USER6_ISR                      
0     003f4ad4  _USER7_ISR                      
0     003f4ade  _USER8_ISR                      
0     003f4ae8  _USER9_ISR                      
1     0000ac14  _Uab_real                       
1     0000ac10  _Uab_set                        
1     00004000  _Usb0Regs                       
1     0000ac16  _Vdc_real                       
0     003f4b4c  _WAKEINT_ISR                    
1     0000ac02  _Watch_count                    
0     003f4b24  _XINT1_ISR                      
0     003f4b2e  _XINT2_ISR                      
0     003f4dae  _XINT3_ISR                      
1     00007070  _XIntruptRegs                   
0     003f5233  _XtalOscSel                     
1     0000af52  __STACK_END                     
abs   00000300  __STACK_SIZE                    
1     0000a6a0  ___TI_cleanup_ptr               
1     0000a6a2  ___TI_dtors_ptr                 
1     0000a69e  ___TI_enable_exit_profile_output
abs   ffffffff  ___TI_pprof_out_hndl            
abs   ffffffff  ___TI_prof_data_size            
abs   ffffffff  ___TI_prof_data_start           
abs   ffffffff  ___binit__                      
abs   ffffffff  ___c_args__                     
0     003f5a9f  ___cinit__                      
0     003f5a9f  ___etext__                      
abs   ffffffff  ___pinit__                      
0     003f4000  ___text__                       
0     003f5a64  __args_main                     
1     0000a850  __lock                          
0     003f5a89  __nop                           
0     003f5a85  __register_lock                 
0     003f5a81  __register_unlock               
1     0000ac52  __stack                         
0     003f5a9e  __system_post_cinit             
0     003f5a9c  __system_pre_init               
1     0000a852  __unlock                        
0     003f5999  _abort                          
0     003ed7c0  _asc2_0806                      
0     003ed34c  _asc2_1206                      
0     003ecd5c  _asc2_1608                      
0     003ec000  _asc2_2412                      
0     003f58d3  _c_int00                        
0     003f5a10  _copy_in                        
0     003f5870  _cos                            
0     003f5870  _cosf                           
0     003f599b  _exit                           
1     0000a480  _gImage_CUMT                    
1     0000a855  _g_Button                       
0     003f4813  _get_int_length                 
1     0000ac40  _grid_voltage                   
1     0000a6a4  _key1_flag                      
1     0000a6a8  _key2_flag                      
1     0000a6ac  _key3_flag                      
1     0000a6b0  _key4_flag                      
1     0000a6b4  _key5_flag                      
1     0000a6b8  _key6_flag                      
0     003f579d  _main                           
0     003f5a34  _memcpy                         
0     003f47fe  _my_itoa                        
0     003f4364  _my_svpwm_2l_calc               
0     003f5728  _rampgen_calc                   
1     0000ac2a  _rampgen_vs                     
0     003f4de3  _rsvd_ISR                       
0     003f580a  _sin                            
0     003f580a  _sinf                           
0     003f418a  _svgendq_calc                   
1     0000ac1a  _svpwm_2l                       
0     003f4000  _svpwm_2l_calc                  
1     0000ac08  _svpwm_ua                       
1     0000ac0a  _svpwm_ub                       
1     0000ac0c  _svpwm_uc                       
1     0000a6c0  _temp1                          
1     0000a880  _temp2                          
1     0000aa40  _temp3                          
1     0000ac0e  _udc                            
abs   ffffffff  binit                           
0     003f5a9f  cinit                           
0     003f7ff6  code_start                      
0     003f5a9f  etext                           
abs   ffffffff  pinit                           


GLOBAL SYMBOLS: SORTED BY Symbol Address 

page  address   name                            
----  -------   ----                            
0     00008000  _Adc_ISR                        
0     00008000  _RamfuncsRunStart               
0     000080ca  _InitFlash                      
0     000080e5  _DSP28x_usDelay                 
0     003e8000  _RamfuncsLoadStart              
0     003e80e9  _RamfuncsLoadEnd                
0     003ec000  _asc2_2412                      
0     003ecd5c  _asc2_1608                      
0     003ed34c  _asc2_1206                      
0     003ed7c0  _asc2_0806                      
0     003ed9e8  _Hzk4                           
0     003edbe8  _PieVectTableInit               
0     003edd9c  _Hzk3                           
0     003ede1c  _Hzk2                           
0     003ede64  _Hzk1                           
0     003f4000  .text                           
0     003f4000  ___text__                       
0     003f4000  _svpwm_2l_calc                  
0     003f418a  _svgendq_calc                   
0     003f4364  _my_svpwm_2l_calc               
0     003f452e  _OLED_ColorTurn                 
0     003f453f  _OLED_DisplayTurn               
0     003f4558  _Send_Byte                      
0     003f4576  _OLED_WR_Byte                   
0     003f4594  _OLED_DisPlay_On                
0     003f45a1  _OLED_DisPlay_Off               
0     003f45ae  _OLED_Refresh                   
0     003f45e9  _OLED_Clear                     
0     003f4607  _OLED_DrawPoint                 
0     003f4650  _OLED_DrawLine                  
0     003f469e  _OLED_DrawCircle                
0     003f46f7  _OLED_ShowChar                  
0     003f4786  _OLED_ShowString                
0     003f47a9  _OLED_Pow                       
0     003f47bb  _OLED_ShowNum                   
0     003f47fe  _my_itoa                        
0     003f4813  _get_int_length                 
0     003f4820  _OLED_ShowFloat                 
0     003f4898  _OLED_ShowChinese               
0     003f4919  _OLED_ScrollDisplay             
0     003f4989  _OLED_ShowPicture               
0     003f49e1  _OLED_Init                      
0     003f4a52  _INT13_ISR                      
0     003f4a5c  _INT14_ISR                      
0     003f4a66  _DATALOG_ISR                    
0     003f4a70  _RTOSINT_ISR                    
0     003f4a7a  _EMUINT_ISR                     
0     003f4a84  _NMI_ISR                        
0     003f4a8e  _ILLEGAL_ISR                    
0     003f4a98  _USER1_ISR                      
0     003f4aa2  _USER2_ISR                      
0     003f4aac  _USER3_ISR                      
0     003f4ab6  _USER4_ISR                      
0     003f4ac0  _USER5_ISR                      
0     003f4aca  _USER6_ISR                      
0     003f4ad4  _USER7_ISR                      
0     003f4ade  _USER8_ISR                      
0     003f4ae8  _USER9_ISR                      
0     003f4af2  _USER10_ISR                     
0     003f4afc  _USER11_ISR                     
0     003f4b06  _USER12_ISR                     
0     003f4b10  _ADCINT1_ISR                    
0     003f4b1a  _ADCINT2_ISR                    
0     003f4b24  _XINT1_ISR                      
0     003f4b2e  _XINT2_ISR                      
0     003f4b38  _ADCINT9_ISR                    
0     003f4b42  _TINT0_ISR                      
0     003f4b4c  _WAKEINT_ISR                    
0     003f4b56  _EPWM1_TZINT_ISR                
0     003f4b60  _EPWM2_TZINT_ISR                
0     003f4b6a  _EPWM3_TZINT_ISR                
0     003f4b74  _EPWM4_TZINT_ISR                
0     003f4b7e  _EPWM5_TZINT_ISR                
0     003f4b88  _EPWM6_TZINT_ISR                
0     003f4b92  _EPWM7_TZINT_ISR                
0     003f4b9c  _EPWM8_TZINT_ISR                
0     003f4ba6  _EPWM1_INT_ISR                  
0     003f4bb0  _EPWM2_INT_ISR                  
0     003f4bba  _EPWM3_INT_ISR                  
0     003f4bc4  _EPWM4_INT_ISR                  
0     003f4bce  _EPWM5_INT_ISR                  
0     003f4bd8  _EPWM6_INT_ISR                  
0     003f4be2  _EPWM7_INT_ISR                  
0     003f4bec  _EPWM8_INT_ISR                  
0     003f4bf6  _ECAP1_INT_ISR                  
0     003f4c00  _ECAP2_INT_ISR                  
0     003f4c0a  _ECAP3_INT_ISR                  
0     003f4c14  _HRCAP1_INT_ISR                 
0     003f4c1e  _HRCAP2_INT_ISR                 
0     003f4c28  _EQEP1_INT_ISR                  
0     003f4c32  _EQEP2_INT_ISR                  
0     003f4c3c  _HRCAP3_INT_ISR                 
0     003f4c46  _HRCAP4_INT_ISR                 
0     003f4c50  _USB0_INT_ISR                   
0     003f4c5a  _SPIRXINTA_ISR                  
0     003f4c64  _SPITXINTA_ISR                  
0     003f4c6e  _SPIRXINTB_ISR                  
0     003f4c78  _SPITXINTB_ISR                  
0     003f4c82  _MRINTA_ISR                     
0     003f4c8c  _MXINTA_ISR                     
0     003f4c96  _DINTCH1_ISR                    
0     003f4ca0  _DINTCH2_ISR                    
0     003f4caa  _DINTCH3_ISR                    
0     003f4cb4  _DINTCH4_ISR                    
0     003f4cbe  _DINTCH5_ISR                    
0     003f4cc8  _DINTCH6_ISR                    
0     003f4cd2  _I2CINT1A_ISR                   
0     003f4cdc  _I2CINT2A_ISR                   
0     003f4ce6  _SCIRXINTA_ISR                  
0     003f4cf0  _SCITXINTA_ISR                  
0     003f4cfa  _SCIRXINTB_ISR                  
0     003f4d04  _SCITXINTB_ISR                  
0     003f4d0e  _ECAN0INTA_ISR                  
0     003f4d18  _ECAN1INTA_ISR                  
0     003f4d22  _ADCINT3_ISR                    
0     003f4d2c  _ADCINT4_ISR                    
0     003f4d36  _ADCINT5_ISR                    
0     003f4d40  _ADCINT6_ISR                    
0     003f4d4a  _ADCINT7_ISR                    
0     003f4d54  _ADCINT8_ISR                    
0     003f4d5e  _CLA1_INT1_ISR                  
0     003f4d68  _CLA1_INT2_ISR                  
0     003f4d72  _CLA1_INT3_ISR                  
0     003f4d7c  _CLA1_INT4_ISR                  
0     003f4d86  _CLA1_INT5_ISR                  
0     003f4d90  _CLA1_INT6_ISR                  
0     003f4d9a  _CLA1_INT7_ISR                  
0     003f4da4  _CLA1_INT8_ISR                  
0     003f4dae  _XINT3_ISR                      
0     003f4db8  _LVF_ISR                        
0     003f4dc2  _LUF_ISR                        
0     003f4dcc  _EMPTY_ISR                      
0     003f4dd9  _PIE_RESERVED                   
0     003f4de3  _rsvd_ISR                       
0     003f4ded  _OLED_Display                   
0     003f5004  _MENU_Item_KEY                  
0     003f50d4  _InitSysCtrl                    
0     003f50ee  _ServiceDog                     
0     003f50f8  _DisableDog                     
0     003f5100  _InitPll                        
0     003f5154  _InitPll2                       
0     003f5182  _InitPeripheralClocks           
0     003f51d8  _CsmUnlock                      
0     003f5209  _IntOsc1Sel                     
0     003f5219  _IntOsc2Sel                     
0     003f5233  _XtalOscSel                     
0     003f524e  _ExtOscSel                      
0     003f5264  _Master_EPWM_Init               
0     003f52b6  _Slave_EPWM_Init                
0     003f5353  _PWM_EN                         
0     003f53a7  _PWM_Dis                        
0     003f53ed  _ADC_Init                       
0     003f54e7  _ADC_Trig_Init                  
0     003f54f9  _GPIO_Init                      
0     003f55ea  _Key_Scan                       
0     003f56a0  FS$$DIV                         
0     003f5728  _rampgen_calc                   
0     003f579d  _main                           
0     003f580a  _sin                            
0     003f580a  _sinf                           
0     003f5870  _cos                            
0     003f5870  _cosf                           
0     003f58d3  _c_int00                        
0     003f5929  _I2C_GPIO_Init                  
0     003f5943  _IIC_delay                      
0     003f5947  _I2C_Start                      
0     003f5952  _I2C_Stop                       
0     003f595b  _I2C_WaitAck                    
0     003f5964  _Hardware_Config                
0     003f5999  C$$EXIT                         
0     003f5999  _abort                          
0     003f599b  _exit                           
0     003f59c2  _InitPieCtrl                    
0     003f59e1  _EnableInterrupts               
0     003f59ea  _InitPieVectTable               
0     003f5a10  _copy_in                        
0     003f5a34  _memcpy                         
0     003f5a51  _MemCopy                        
0     003f5a64  __args_main                     
0     003f5a76  U$$DIV                          
0     003f5a7b  U$$MOD                          
0     003f5a81  __register_unlock               
0     003f5a85  __register_lock                 
0     003f5a89  __nop                           
0     003f5a92  _DSP28x_DisableInt              
0     003f5a96  _DSP28x_RestoreInt              
0     003f5a99  _SetDBGIER                      
0     003f5a9c  __system_pre_init               
0     003f5a9e  __system_post_cinit             
0     003f5a9f  ___cinit__                      
0     003f5a9f  ___etext__                      
0     003f5a9f  cinit                           
0     003f5a9f  etext                           
0     003f7ff6  code_start                      
1     00000880  _DevEmuRegs                     
1     00000985  _SysPwrCtrlRegs                 
1     00000a80  _FlashRegs                      
1     00000ae0  _CsmRegs                        
1     00000b00  _AdcResult                      
1     00000c00  _CpuTimer0Regs                  
1     00000c08  _CpuTimer1Regs                  
1     00000c10  _CpuTimer2Regs                  
1     00000ce0  _PieCtrlRegs                    
1     00000d00  _EmuKey                         
1     00000d00  _PieVectTable                   
1     00000d01  _EmuBMode                       
1     00000d02  _Flash_CallbackPtr              
1     00000d04  _Flash_CPUScaleFactor           
1     00001000  _DmaRegs                        
1     00001400  _Cla1Regs                       
1     00004000  _Usb0Regs                       
1     00005000  _McbspaRegs                     
1     00006000  _ECanaRegs                      
1     00006040  _ECanaLAMRegs                   
1     00006080  _ECanaMOTSRegs                  
1     000060c0  _ECanaMOTORegs                  
1     00006100  _ECanaMboxes                    
1     00006400  _Comp1Regs                      
1     00006420  _Comp2Regs                      
1     00006440  _Comp3Regs                      
1     00006800  _EPwm1Regs                      
1     00006840  _EPwm2Regs                      
1     00006880  _EPwm3Regs                      
1     000068c0  _EPwm4Regs                      
1     00006900  _EPwm5Regs                      
1     00006940  _EPwm6Regs                      
1     00006980  _EPwm7Regs                      
1     000069c0  _EPwm8Regs                      
1     00006a00  _ECap1Regs                      
1     00006a20  _ECap2Regs                      
1     00006a40  _ECap3Regs                      
1     00006ac0  _HRCap1Regs                     
1     00006ae0  _HRCap2Regs                     
1     00006b00  _EQep1Regs                      
1     00006b40  _EQep2Regs                      
1     00006c80  _HRCap3Regs                     
1     00006ca0  _HRCap4Regs                     
1     00006f80  _GpioCtrlRegs                   
1     00006fc0  _GpioDataRegs                   
1     00006fe0  _GpioIntRegs                    
1     00007010  _SysCtrlRegs                    
1     00007040  _SpiaRegs                       
1     00007050  _SciaRegs                       
1     00007060  _NmiIntruptRegs                 
1     00007070  _XIntruptRegs                   
1     00007100  _AdcRegs                        
1     00007740  _SpibRegs                       
1     00007750  _ScibRegs                       
1     00007900  _I2caRegs                       
1     0000a000  _OLED_GRAM                      
1     0000a480  _gImage_CUMT                    
1     0000a686  _CpuTimer0                      
1     0000a68e  _CpuTimer1                      
1     0000a696  _CpuTimer2                      
1     0000a69e  ___TI_enable_exit_profile_output
1     0000a6a0  ___TI_cleanup_ptr               
1     0000a6a2  ___TI_dtors_ptr                 
1     0000a6a4  _key1_flag                      
1     0000a6a8  _key2_flag                      
1     0000a6ac  _key3_flag                      
1     0000a6b0  _key4_flag                      
1     0000a6b4  _key5_flag                      
1     0000a6b8  _key6_flag                      
1     0000a6bc  _PWMshow                        
1     0000a6be  _PWMtest                        
1     0000a6c0  _temp1                          
1     0000a850  __lock                          
1     0000a852  __unlock                        
1     0000a854  _Menu_Item                      
1     0000a855  _g_Button                       
1     0000a880  _temp2                          
1     0000aa40  _temp3                          
1     0000ac00  _OLED_count                     
1     0000ac01  _Buzzer_count                   
1     0000ac02  _Watch_count                    
1     0000ac03  _RUN_Flag                       
1     0000ac04  _Stop_Flag                      
1     0000ac05  _Buzzer_Flag                    
1     0000ac06  _Mode                           
1     0000ac08  _svpwm_ua                       
1     0000ac0a  _svpwm_ub                       
1     0000ac0c  _svpwm_uc                       
1     0000ac0e  _udc                            
1     0000ac10  _Uab_set                        
1     0000ac12  _Ia_set                         
1     0000ac14  _Uab_real                       
1     0000ac16  _Vdc_real                       
1     0000ac18  _Ia_real                        
1     0000ac1a  _svpwm_2l                       
1     0000ac2a  _rampgen_vs                     
1     0000ac40  _grid_voltage                   
1     0000ac52  __stack                         
1     0000af52  __STACK_END                     
1     003d7e80  _PartIdRegs                     
1     003f7ff8  _CsmPwl                         
abs   00000300  __STACK_SIZE                    
abs   ffffffff  ___TI_pprof_out_hndl            
abs   ffffffff  ___TI_prof_data_size            
abs   ffffffff  ___TI_prof_data_start           
abs   ffffffff  ___binit__                      
abs   ffffffff  ___c_args__                     
abs   ffffffff  ___pinit__                      
abs   ffffffff  binit                           
abs   ffffffff  pinit                           

[304 symbols]
