<?xml version="1.0" encoding="ISO-8859-1" ?>
<link_info>
   <banner>TMS320C2000 Linker PC v22.6.1.LTS</banner>
   <copyright>Copyright (c) 1996-2018 Texas Instruments Incorporated</copyright>
   <link_time>0x6885a6e5</link_time>
   <link_errors>0x0</link_errors>
   <output_file>04_SVPWM.out</output_file>
   <entry_point>
      <name>_c_int00</name>
      <address>0x3f5723</address>
   </entry_point>
   <input_file_list>
      <input_file id="fl-2">
         <path>.\</path>
         <kind>object</kind>
         <file>main.obj</file>
         <name>main.obj</name>
      </input_file>
      <input_file id="fl-3">
         <path>.\User\Algorithm\</path>
         <kind>object</kind>
         <file>low_pass_filter.obj</file>
         <name>low_pass_filter.obj</name>
      </input_file>
      <input_file id="fl-4">
         <path>.\User\Algorithm\</path>
         <kind>object</kind>
         <file>user_matrix_transform.obj</file>
         <name>user_matrix_transform.obj</name>
      </input_file>
      <input_file id="fl-5">
         <path>.\User\App\</path>
         <kind>object</kind>
         <file>ADC_Get_Value.obj</file>
         <name>ADC_Get_Value.obj</name>
      </input_file>
      <input_file id="fl-6">
         <path>.\User\App\</path>
         <kind>object</kind>
         <file>hardware_config.obj</file>
         <name>hardware_config.obj</name>
      </input_file>
      <input_file id="fl-7">
         <path>.\User\App\</path>
         <kind>object</kind>
         <file>rampgen.obj</file>
         <name>rampgen.obj</name>
      </input_file>
      <input_file id="fl-8">
         <path>.\User\App\</path>
         <kind>object</kind>
         <file>user_svpwm_2l.obj</file>
         <name>user_svpwm_2l.obj</name>
      </input_file>
      <input_file id="fl-9">
         <path>.\User\Devices\IIC\</path>
         <kind>object</kind>
         <file>IIC.obj</file>
         <name>IIC.obj</name>
      </input_file>
      <input_file id="fl-a">
         <path>.\User\Devices\OLED\</path>
         <kind>object</kind>
         <file>MENU.obj</file>
         <name>MENU.obj</name>
      </input_file>
      <input_file id="fl-b">
         <path>.\User\Devices\OLED\</path>
         <kind>object</kind>
         <file>OLED.obj</file>
         <name>OLED.obj</name>
      </input_file>
      <input_file id="fl-c">
         <path>.\User\bsp\</path>
         <kind>object</kind>
         <file>F2806x_MemCopy.obj</file>
         <name>F2806x_MemCopy.obj</name>
      </input_file>
      <input_file id="fl-d">
         <path>.\User\bsp\</path>
         <kind>object</kind>
         <file>adc.obj</file>
         <name>adc.obj</name>
      </input_file>
      <input_file id="fl-e">
         <path>.\User\bsp\</path>
         <kind>object</kind>
         <file>bsp_key.obj</file>
         <name>bsp_key.obj</name>
      </input_file>
      <input_file id="fl-f">
         <path>.\User\bsp\</path>
         <kind>object</kind>
         <file>epwm.obj</file>
         <name>epwm.obj</name>
      </input_file>
      <input_file id="fl-10">
         <path>.\User\bsp\</path>
         <kind>object</kind>
         <file>gpio.obj</file>
         <name>gpio.obj</name>
      </input_file>
      <input_file id="fl-11">
         <path>.\libraries\source\</path>
         <kind>object</kind>
         <file>F2806x_Adc.obj</file>
         <name>F2806x_Adc.obj</name>
      </input_file>
      <input_file id="fl-12">
         <path>.\libraries\source\</path>
         <kind>object</kind>
         <file>F2806x_CodeStartBranch.obj</file>
         <name>F2806x_CodeStartBranch.obj</name>
      </input_file>
      <input_file id="fl-13">
         <path>.\libraries\source\</path>
         <kind>object</kind>
         <file>F2806x_Comp.obj</file>
         <name>F2806x_Comp.obj</name>
      </input_file>
      <input_file id="fl-14">
         <path>.\libraries\source\</path>
         <kind>object</kind>
         <file>F2806x_CpuTimers.obj</file>
         <name>F2806x_CpuTimers.obj</name>
      </input_file>
      <input_file id="fl-15">
         <path>.\libraries\source\</path>
         <kind>object</kind>
         <file>F2806x_DBGIER.obj</file>
         <name>F2806x_DBGIER.obj</name>
      </input_file>
      <input_file id="fl-16">
         <path>.\libraries\source\</path>
         <kind>object</kind>
         <file>F2806x_DefaultIsr.obj</file>
         <name>F2806x_DefaultIsr.obj</name>
      </input_file>
      <input_file id="fl-17">
         <path>.\libraries\source\</path>
         <kind>object</kind>
         <file>F2806x_DisInt.obj</file>
         <name>F2806x_DisInt.obj</name>
      </input_file>
      <input_file id="fl-18">
         <path>.\libraries\source\</path>
         <kind>object</kind>
         <file>F2806x_Dma.obj</file>
         <name>F2806x_Dma.obj</name>
      </input_file>
      <input_file id="fl-19">
         <path>.\libraries\source\</path>
         <kind>object</kind>
         <file>F2806x_ECan.obj</file>
         <name>F2806x_ECan.obj</name>
      </input_file>
      <input_file id="fl-1a">
         <path>.\libraries\source\</path>
         <kind>object</kind>
         <file>F2806x_ECap.obj</file>
         <name>F2806x_ECap.obj</name>
      </input_file>
      <input_file id="fl-1b">
         <path>.\libraries\source\</path>
         <kind>object</kind>
         <file>F2806x_EPwm.obj</file>
         <name>F2806x_EPwm.obj</name>
      </input_file>
      <input_file id="fl-1c">
         <path>.\libraries\source\</path>
         <kind>object</kind>
         <file>F2806x_EQep.obj</file>
         <name>F2806x_EQep.obj</name>
      </input_file>
      <input_file id="fl-1d">
         <path>.\libraries\source\</path>
         <kind>object</kind>
         <file>F2806x_GlobalVariableDefs.obj</file>
         <name>F2806x_GlobalVariableDefs.obj</name>
      </input_file>
      <input_file id="fl-1e">
         <path>.\libraries\source\</path>
         <kind>object</kind>
         <file>F2806x_Gpio.obj</file>
         <name>F2806x_Gpio.obj</name>
      </input_file>
      <input_file id="fl-1f">
         <path>.\libraries\source\</path>
         <kind>object</kind>
         <file>F2806x_HRCap.obj</file>
         <name>F2806x_HRCap.obj</name>
      </input_file>
      <input_file id="fl-20">
         <path>.\libraries\source\</path>
         <kind>object</kind>
         <file>F2806x_I2C.obj</file>
         <name>F2806x_I2C.obj</name>
      </input_file>
      <input_file id="fl-21">
         <path>.\libraries\source\</path>
         <kind>object</kind>
         <file>F2806x_Mcbsp.obj</file>
         <name>F2806x_Mcbsp.obj</name>
      </input_file>
      <input_file id="fl-22">
         <path>.\libraries\source\</path>
         <kind>object</kind>
         <file>F2806x_OscComp.obj</file>
         <name>F2806x_OscComp.obj</name>
      </input_file>
      <input_file id="fl-23">
         <path>.\libraries\source\</path>
         <kind>object</kind>
         <file>F2806x_PieCtrl.obj</file>
         <name>F2806x_PieCtrl.obj</name>
      </input_file>
      <input_file id="fl-24">
         <path>.\libraries\source\</path>
         <kind>object</kind>
         <file>F2806x_PieVect.obj</file>
         <name>F2806x_PieVect.obj</name>
      </input_file>
      <input_file id="fl-25">
         <path>.\libraries\source\</path>
         <kind>object</kind>
         <file>F2806x_Sci.obj</file>
         <name>F2806x_Sci.obj</name>
      </input_file>
      <input_file id="fl-26">
         <path>.\libraries\source\</path>
         <kind>object</kind>
         <file>F2806x_Spi.obj</file>
         <name>F2806x_Spi.obj</name>
      </input_file>
      <input_file id="fl-27">
         <path>.\libraries\source\</path>
         <kind>object</kind>
         <file>F2806x_SysCtrl.obj</file>
         <name>F2806x_SysCtrl.obj</name>
      </input_file>
      <input_file id="fl-28">
         <path>.\libraries\source\</path>
         <kind>object</kind>
         <file>F2806x_TempSensorConv.obj</file>
         <name>F2806x_TempSensorConv.obj</name>
      </input_file>
      <input_file id="fl-29">
         <path>.\libraries\source\</path>
         <kind>object</kind>
         <file>F2806x_usDelay.obj</file>
         <name>F2806x_usDelay.obj</name>
      </input_file>
      <input_file id="fl-30">
         <kind>object</kind>
         <file>&lt;internal&gt;</file>
         <name>&lt;internal&gt;</name>
      </input_file>
      <input_file id="fl-3f">
         <path>C:\ti\ccs1281\ccs\tools\compiler\ti-cgt-c2000_22.6.1.LTS\lib\</path>
         <kind>archive</kind>
         <file>rts2800_fpu32.lib</file>
         <name>s_cosf.c.obj</name>
      </input_file>
      <input_file id="fl-40">
         <path>C:\ti\ccs1281\ccs\tools\compiler\ti-cgt-c2000_22.6.1.LTS\lib\</path>
         <kind>archive</kind>
         <file>rts2800_fpu32.lib</file>
         <name>s_sinf.c.obj</name>
      </input_file>
      <input_file id="fl-41">
         <path>C:\ti\ccs1281\ccs\tools\compiler\ti-cgt-c2000_22.6.1.LTS\lib\</path>
         <kind>archive</kind>
         <file>rts2800_fpu32.lib</file>
         <name>boot28.asm.obj</name>
      </input_file>
      <input_file id="fl-42">
         <path>C:\ti\ccs1281\ccs\tools\compiler\ti-cgt-c2000_22.6.1.LTS\lib\</path>
         <kind>archive</kind>
         <file>rts2800_fpu32.lib</file>
         <name>fs_div28.asm.obj</name>
      </input_file>
      <input_file id="fl-43">
         <path>C:\ti\ccs1281\ccs\tools\compiler\ti-cgt-c2000_22.6.1.LTS\lib\</path>
         <kind>archive</kind>
         <file>rts2800_fpu32.lib</file>
         <name>u_div28.asm.obj</name>
      </input_file>
      <input_file id="fl-44">
         <path>C:\ti\ccs1281\ccs\tools\compiler\ti-cgt-c2000_22.6.1.LTS\lib\</path>
         <kind>archive</kind>
         <file>rts2800_fpu32.lib</file>
         <name>cpy_tbl.c.obj</name>
      </input_file>
      <input_file id="fl-45">
         <path>C:\ti\ccs1281\ccs\tools\compiler\ti-cgt-c2000_22.6.1.LTS\lib\</path>
         <kind>archive</kind>
         <file>rts2800_fpu32.lib</file>
         <name>memcpy.c.obj</name>
      </input_file>
      <input_file id="fl-46">
         <path>C:\ti\ccs1281\ccs\tools\compiler\ti-cgt-c2000_22.6.1.LTS\lib\</path>
         <kind>archive</kind>
         <file>rts2800_fpu32.lib</file>
         <name>pre_init.c.obj</name>
      </input_file>
      <input_file id="fl-47">
         <path>C:\ti\ccs1281\ccs\tools\compiler\ti-cgt-c2000_22.6.1.LTS\lib\</path>
         <kind>archive</kind>
         <file>rts2800_fpu32.lib</file>
         <name>startup.c.obj</name>
      </input_file>
      <input_file id="fl-48">
         <path>C:\ti\ccs1281\ccs\tools\compiler\ti-cgt-c2000_22.6.1.LTS\lib\</path>
         <kind>archive</kind>
         <file>rts2800_fpu32.lib</file>
         <name>exit.c.obj</name>
      </input_file>
      <input_file id="fl-49">
         <path>C:\ti\ccs1281\ccs\tools\compiler\ti-cgt-c2000_22.6.1.LTS\lib\</path>
         <kind>archive</kind>
         <file>rts2800_fpu32.lib</file>
         <name>_lock.c.obj</name>
      </input_file>
      <input_file id="fl-4a">
         <path>C:\ti\ccs1281\ccs\tools\compiler\ti-cgt-c2000_22.6.1.LTS\lib\</path>
         <kind>archive</kind>
         <file>rts2800_fpu32.lib</file>
         <name>args_main.c.obj</name>
      </input_file>
   </input_file_list>
   <object_component_list>
      <object_component id="oc-1cb">
         <name>.cinit:_gImage_CUMT</name>
         <load_address>0x3f58ef</load_address>
         <run_address>0x3f58ef</run_address>
         <size>0x203</size>
         <input_file_ref idref="fl-a"/>
      </object_component>
      <object_component id="oc-55">
         <name>.cinit</name>
         <load_address>0x3f5af2</load_address>
         <run_address>0x3f5af2</run_address>
         <size>0x82</size>
         <input_file_ref idref="fl-2"/>
      </object_component>
      <object_component id="oc-18c">
         <name>.cinit</name>
         <load_address>0x3f5b74</load_address>
         <run_address>0x3f5b74</run_address>
         <size>0xe</size>
         <input_file_ref idref="fl-48"/>
      </object_component>
      <object_component id="oc-9c">
         <name>.cinit</name>
         <load_address>0x3f5b82</load_address>
         <run_address>0x3f5b82</run_address>
         <size>0xa</size>
         <input_file_ref idref="fl-f"/>
      </object_component>
      <object_component id="oc-1af">
         <name>.cinit:__lock</name>
         <load_address>0x3f5b8c</load_address>
         <run_address>0x3f5b8c</run_address>
         <size>0x5</size>
         <input_file_ref idref="fl-49"/>
      </object_component>
      <object_component id="oc-1ba">
         <name>.cinit:__unlock</name>
         <load_address>0x3f5b91</load_address>
         <run_address>0x3f5b91</run_address>
         <size>0x5</size>
         <input_file_ref idref="fl-49"/>
      </object_component>
      <object_component id="oc-1a7">
         <name>.cinit:_temp1</name>
         <load_address>0x3f5b96</load_address>
         <run_address>0x3f5b96</run_address>
         <size>0x5</size>
         <input_file_ref idref="fl-2"/>
      </object_component>
      <object_component id="oc-1a9">
         <name>.cinit:_temp2</name>
         <load_address>0x3f5b9b</load_address>
         <run_address>0x3f5b9b</run_address>
         <size>0x5</size>
         <input_file_ref idref="fl-2"/>
      </object_component>
      <object_component id="oc-1ab">
         <name>.cinit:_temp3</name>
         <load_address>0x3f5ba0</load_address>
         <run_address>0x3f5ba0</run_address>
         <size>0x5</size>
         <input_file_ref idref="fl-2"/>
      </object_component>
      <object_component id="oc-7d">
         <name>.cinit</name>
         <load_address>0x3f5ba5</load_address>
         <run_address>0x3f5ba5</run_address>
         <size>0x4</size>
         <input_file_ref idref="fl-a"/>
      </object_component>
      <object_component id="oc-1bf">
         <name>.cinit:_key1_flag</name>
         <load_address>0x3f5ba9</load_address>
         <run_address>0x3f5ba9</run_address>
         <size>0x4</size>
         <input_file_ref idref="fl-e"/>
      </object_component>
      <object_component id="oc-1c1">
         <name>.cinit:_key2_flag</name>
         <load_address>0x3f5bad</load_address>
         <run_address>0x3f5bad</run_address>
         <size>0x4</size>
         <input_file_ref idref="fl-e"/>
      </object_component>
      <object_component id="oc-1c3">
         <name>.cinit:_key3_flag</name>
         <load_address>0x3f5bb1</load_address>
         <run_address>0x3f5bb1</run_address>
         <size>0x4</size>
         <input_file_ref idref="fl-e"/>
      </object_component>
      <object_component id="oc-1c5">
         <name>.cinit:_key4_flag</name>
         <load_address>0x3f5bb5</load_address>
         <run_address>0x3f5bb5</run_address>
         <size>0x4</size>
         <input_file_ref idref="fl-e"/>
      </object_component>
      <object_component id="oc-1c7">
         <name>.cinit:_key5_flag</name>
         <load_address>0x3f5bb9</load_address>
         <run_address>0x3f5bb9</run_address>
         <size>0x4</size>
         <input_file_ref idref="fl-e"/>
      </object_component>
      <object_component id="oc-1c9">
         <name>.cinit:_key6_flag</name>
         <load_address>0x3f5bbd</load_address>
         <run_address>0x3f5bbd</run_address>
         <size>0x4</size>
         <input_file_ref idref="fl-e"/>
      </object_component>
      <object_component id="oc-95">
         <name>.cinit</name>
         <load_address>0x3f5bc1</load_address>
         <run_address>0x3f5bc1</run_address>
         <size>0x4</size>
         <input_file_ref idref="fl-e"/>
      </object_component>
      <object_component id="oc-1b8">
         <name>.text</name>
         <load_address>0x3f4000</load_address>
         <run_address>0x3f4000</run_address>
         <size>0x524</size>
         <input_file_ref idref="fl-b"/>
      </object_component>
      <object_component id="oc-c3">
         <name>.text:retain</name>
         <load_address>0x3f4524</load_address>
         <run_address>0x3f4524</run_address>
         <size>0x39b</size>
         <input_file_ref idref="fl-16"/>
      </object_component>
      <object_component id="oc-1a1">
         <name>.text</name>
         <load_address>0x3f48bf</load_address>
         <run_address>0x3f48bf</run_address>
         <size>0x37c</size>
         <input_file_ref idref="fl-8"/>
      </object_component>
      <object_component id="oc-1b7">
         <name>.text</name>
         <load_address>0x3f4c3b</load_address>
         <run_address>0x3f4c3b</run_address>
         <size>0x2e7</size>
         <input_file_ref idref="fl-a"/>
      </object_component>
      <object_component id="oc-1b0">
         <name>.text</name>
         <load_address>0x3f4f22</load_address>
         <run_address>0x3f4f22</run_address>
         <size>0x190</size>
         <input_file_ref idref="fl-27"/>
      </object_component>
      <object_component id="oc-1a5">
         <name>.text</name>
         <load_address>0x3f50b2</load_address>
         <run_address>0x3f50b2</run_address>
         <size>0x189</size>
         <input_file_ref idref="fl-f"/>
      </object_component>
      <object_component id="oc-1bd">
         <name>.text</name>
         <load_address>0x3f523b</load_address>
         <run_address>0x3f523b</run_address>
         <size>0x10c</size>
         <input_file_ref idref="fl-d"/>
      </object_component>
      <object_component id="oc-1bc">
         <name>.text</name>
         <load_address>0x3f5347</load_address>
         <run_address>0x3f5347</run_address>
         <size>0xf1</size>
         <input_file_ref idref="fl-10"/>
      </object_component>
      <object_component id="oc-1b6">
         <name>.text</name>
         <load_address>0x3f5438</load_address>
         <run_address>0x3f5438</run_address>
         <size>0xb6</size>
         <input_file_ref idref="fl-e"/>
      </object_component>
      <object_component id="oc-16d">
         <name>.text</name>
         <load_address>0x3f54ee</load_address>
         <run_address>0x3f54ee</run_address>
         <size>0x88</size>
         <input_file_ref idref="fl-42"/>
      </object_component>
      <object_component id="oc-1a2">
         <name>.text</name>
         <load_address>0x3f5576</load_address>
         <run_address>0x3f5576</run_address>
         <size>0x75</size>
         <input_file_ref idref="fl-7"/>
      </object_component>
      <object_component id="oc-1ad">
         <name>.text</name>
         <load_address>0x3f55eb</load_address>
         <run_address>0x3f55eb</run_address>
         <size>0x6f</size>
         <input_file_ref idref="fl-2"/>
      </object_component>
      <object_component id="oc-1a4">
         <name>.text</name>
         <load_address>0x3f565a</load_address>
         <run_address>0x3f565a</run_address>
         <size>0x66</size>
         <input_file_ref idref="fl-40"/>
      </object_component>
      <object_component id="oc-1a3">
         <name>.text</name>
         <load_address>0x3f56c0</load_address>
         <run_address>0x3f56c0</run_address>
         <size>0x63</size>
         <input_file_ref idref="fl-3f"/>
      </object_component>
      <object_component id="oc-53">
         <name>.text</name>
         <load_address>0x3f5723</load_address>
         <run_address>0x3f5723</run_address>
         <size>0x56</size>
         <input_file_ref idref="fl-41"/>
      </object_component>
      <object_component id="oc-1cc">
         <name>.text</name>
         <load_address>0x3f5779</load_address>
         <run_address>0x3f5779</run_address>
         <size>0x3b</size>
         <input_file_ref idref="fl-9"/>
      </object_component>
      <object_component id="oc-1b5">
         <name>.text</name>
         <load_address>0x3f57b4</load_address>
         <run_address>0x3f57b4</run_address>
         <size>0x35</size>
         <input_file_ref idref="fl-6"/>
      </object_component>
      <object_component id="oc-1a0">
         <name>.text</name>
         <load_address>0x3f57e9</load_address>
         <run_address>0x3f57e9</run_address>
         <size>0x29</size>
         <input_file_ref idref="fl-48"/>
      </object_component>
      <object_component id="oc-1b1">
         <name>.text</name>
         <load_address>0x3f5812</load_address>
         <run_address>0x3f5812</run_address>
         <size>0x28</size>
         <input_file_ref idref="fl-23"/>
      </object_component>
      <object_component id="oc-1b2">
         <name>.text</name>
         <load_address>0x3f583a</load_address>
         <run_address>0x3f583a</run_address>
         <size>0x26</size>
         <input_file_ref idref="fl-24"/>
      </object_component>
      <object_component id="oc-19d">
         <name>.text</name>
         <load_address>0x3f5860</load_address>
         <run_address>0x3f5860</run_address>
         <size>0x24</size>
         <input_file_ref idref="fl-44"/>
      </object_component>
      <object_component id="oc-1ac">
         <name>.text</name>
         <load_address>0x3f5884</load_address>
         <run_address>0x3f5884</run_address>
         <size>0x1d</size>
         <input_file_ref idref="fl-45"/>
      </object_component>
      <object_component id="oc-1b3">
         <name>.text</name>
         <load_address>0x3f58a1</load_address>
         <run_address>0x3f58a1</run_address>
         <size>0x13</size>
         <input_file_ref idref="fl-c"/>
      </object_component>
      <object_component id="oc-19f">
         <name>.text</name>
         <load_address>0x3f58b4</load_address>
         <run_address>0x3f58b4</run_address>
         <size>0x12</size>
         <input_file_ref idref="fl-4a"/>
      </object_component>
      <object_component id="oc-172">
         <name>.text</name>
         <load_address>0x3f58c6</load_address>
         <run_address>0x3f58c6</run_address>
         <size>0xb</size>
         <input_file_ref idref="fl-43"/>
      </object_component>
      <object_component id="oc-1b9">
         <name>.text</name>
         <load_address>0x3f58d1</load_address>
         <run_address>0x3f58d1</run_address>
         <size>0x9</size>
         <input_file_ref idref="fl-49"/>
      </object_component>
      <object_component id="oc-ac">
         <name>.text</name>
         <load_address>0x3f58da</load_address>
         <run_address>0x3f58da</run_address>
         <size>0x8</size>
         <input_file_ref idref="fl-12"/>
      </object_component>
      <object_component id="oc-c8">
         <name>.text</name>
         <load_address>0x3f58e2</load_address>
         <run_address>0x3f58e2</run_address>
         <size>0x7</size>
         <input_file_ref idref="fl-17"/>
      </object_component>
      <object_component id="oc-bd">
         <name>.text</name>
         <load_address>0x3f58e9</load_address>
         <run_address>0x3f58e9</run_address>
         <size>0x3</size>
         <input_file_ref idref="fl-15"/>
      </object_component>
      <object_component id="oc-19c">
         <name>.text</name>
         <load_address>0x3f58ec</load_address>
         <run_address>0x3f58ec</run_address>
         <size>0x2</size>
         <input_file_ref idref="fl-46"/>
      </object_component>
      <object_component id="oc-19e">
         <name>.text</name>
         <load_address>0x3f58ee</load_address>
         <run_address>0x3f58ee</run_address>
         <size>0x1</size>
         <input_file_ref idref="fl-47"/>
      </object_component>
      <object_component id="oc-ad">
         <name>codestart</name>
         <load_address>0x3f7ff6</load_address>
         <run_address>0x3f7ff6</run_address>
         <size>0x2</size>
         <input_file_ref idref="fl-12"/>
      </object_component>
      <object_component id="oc-57">
         <name>ramfuncs:retain</name>
         <load_address>0x3e8000</load_address>
         <run_address>0x8000</run_address>
         <size>0xca</size>
         <input_file_ref idref="fl-2"/>
      </object_component>
      <object_component id="oc-1b4">
         <name>ramfuncs</name>
         <load_address>0x3e80ca</load_address>
         <run_address>0x80ca</run_address>
         <size>0x1b</size>
         <input_file_ref idref="fl-27"/>
      </object_component>
      <object_component id="oc-158">
         <name>ramfuncs</name>
         <load_address>0x3e80e5</load_address>
         <run_address>0x80e5</run_address>
         <size>0x4</size>
         <input_file_ref idref="fl-29"/>
      </object_component>
      <object_component id="oc-167">
         <name>.stack</name>
         <uninitialized>true</uninitialized>
         <run_address>0xac52</run_address>
         <size>0x0</size>
         <input_file_ref idref="fl-41"/>
      </object_component>
      <object_component id="oc-231">
         <name>.stack</name>
         <uninitialized>true</uninitialized>
         <run_address>0xac52</run_address>
         <size>0x0</size>
      </object_component>
      <object_component id="oc-56">
         <name>.ebss</name>
         <uninitialized>true</uninitialized>
         <run_address>0xac00</run_address>
         <size>0x52</size>
         <input_file_ref idref="fl-2"/>
      </object_component>
      <object_component id="oc-1a6">
         <name>.ebss:_temp1</name>
         <uninitialized>true</uninitialized>
         <run_address>0xa6c0</run_address>
         <size>0x190</size>
         <input_file_ref idref="fl-2"/>
      </object_component>
      <object_component id="oc-1a8">
         <name>.ebss:_temp2</name>
         <uninitialized>true</uninitialized>
         <run_address>0xa880</run_address>
         <size>0x190</size>
         <input_file_ref idref="fl-2"/>
      </object_component>
      <object_component id="oc-1aa">
         <name>.ebss:_temp3</name>
         <uninitialized>true</uninitialized>
         <run_address>0xaa40</run_address>
         <size>0x190</size>
         <input_file_ref idref="fl-2"/>
      </object_component>
      <object_component id="oc-7e">
         <name>.ebss</name>
         <uninitialized>true</uninitialized>
         <run_address>0xa854</run_address>
         <size>0x1</size>
         <input_file_ref idref="fl-a"/>
      </object_component>
      <object_component id="oc-1ca">
         <name>.ebss:_gImage_CUMT</name>
         <uninitialized>true</uninitialized>
         <run_address>0xa480</run_address>
         <size>0x206</size>
         <input_file_ref idref="fl-a"/>
      </object_component>
      <object_component id="oc-1cd">
         <name>.ebss:_OLED_GRAM</name>
         <uninitialized>true</uninitialized>
         <run_address>0xa000</run_address>
         <size>0x480</size>
         <input_file_ref idref="fl-b"/>
      </object_component>
      <object_component id="oc-96">
         <name>.ebss</name>
         <uninitialized>true</uninitialized>
         <run_address>0xa855</run_address>
         <size>0x1</size>
         <input_file_ref idref="fl-e"/>
      </object_component>
      <object_component id="oc-1be">
         <name>.ebss:_key1_flag</name>
         <uninitialized>true</uninitialized>
         <run_address>0xa6a4</run_address>
         <size>0x4</size>
         <input_file_ref idref="fl-e"/>
      </object_component>
      <object_component id="oc-1c0">
         <name>.ebss:_key2_flag</name>
         <uninitialized>true</uninitialized>
         <run_address>0xa6a8</run_address>
         <size>0x4</size>
         <input_file_ref idref="fl-e"/>
      </object_component>
      <object_component id="oc-1c2">
         <name>.ebss:_key3_flag</name>
         <uninitialized>true</uninitialized>
         <run_address>0xa6ac</run_address>
         <size>0x4</size>
         <input_file_ref idref="fl-e"/>
      </object_component>
      <object_component id="oc-1c4">
         <name>.ebss:_key4_flag</name>
         <uninitialized>true</uninitialized>
         <run_address>0xa6b0</run_address>
         <size>0x4</size>
         <input_file_ref idref="fl-e"/>
      </object_component>
      <object_component id="oc-1c6">
         <name>.ebss:_key5_flag</name>
         <uninitialized>true</uninitialized>
         <run_address>0xa6b4</run_address>
         <size>0x4</size>
         <input_file_ref idref="fl-e"/>
      </object_component>
      <object_component id="oc-1c8">
         <name>.ebss:_key6_flag</name>
         <uninitialized>true</uninitialized>
         <run_address>0xa6b8</run_address>
         <size>0x4</size>
         <input_file_ref idref="fl-e"/>
      </object_component>
      <object_component id="oc-9d">
         <name>.ebss</name>
         <uninitialized>true</uninitialized>
         <run_address>0xa6bc</run_address>
         <size>0x4</size>
         <input_file_ref idref="fl-f"/>
      </object_component>
      <object_component id="oc-b8">
         <name>.ebss</name>
         <uninitialized>true</uninitialized>
         <run_address>0xa686</run_address>
         <size>0x18</size>
         <input_file_ref idref="fl-14"/>
      </object_component>
      <object_component id="oc-18d">
         <name>.ebss</name>
         <uninitialized>true</uninitialized>
         <run_address>0xa69e</run_address>
         <size>0x6</size>
         <input_file_ref idref="fl-48"/>
      </object_component>
      <object_component id="oc-1ae">
         <name>.ebss:__lock</name>
         <uninitialized>true</uninitialized>
         <run_address>0xa850</run_address>
         <size>0x2</size>
         <input_file_ref idref="fl-49"/>
      </object_component>
      <object_component id="oc-1d6">
         <name>.ebss:__unlock</name>
         <uninitialized>true</uninitialized>
         <run_address>0xa852</run_address>
         <size>0x2</size>
         <input_file_ref idref="fl-49"/>
      </object_component>
      <object_component id="oc-1d1">
         <name>.econst:_asc2_2412</name>
         <load_address>0x3ec000</load_address>
         <run_address>0x3ec000</run_address>
         <size>0xd5c</size>
         <input_file_ref idref="fl-b"/>
      </object_component>
      <object_component id="oc-1d0">
         <name>.econst:_asc2_1608</name>
         <load_address>0x3ecd5c</load_address>
         <run_address>0x3ecd5c</run_address>
         <size>0x5f0</size>
         <input_file_ref idref="fl-b"/>
      </object_component>
      <object_component id="oc-1cf">
         <name>.econst:_asc2_1206</name>
         <load_address>0x3ed34c</load_address>
         <run_address>0x3ed34c</run_address>
         <size>0x474</size>
         <input_file_ref idref="fl-b"/>
      </object_component>
      <object_component id="oc-1ce">
         <name>.econst:_asc2_0806</name>
         <load_address>0x3ed7c0</load_address>
         <run_address>0x3ed7c0</run_address>
         <size>0x228</size>
         <input_file_ref idref="fl-b"/>
      </object_component>
      <object_component id="oc-1d5">
         <name>.econst:_Hzk4</name>
         <load_address>0x3ed9e8</load_address>
         <run_address>0x3ed9e8</run_address>
         <size>0x200</size>
         <input_file_ref idref="fl-b"/>
      </object_component>
      <object_component id="oc-1bb">
         <name>.econst:_PieVectTableInit</name>
         <load_address>0x3edbe8</load_address>
         <run_address>0x3edbe8</run_address>
         <size>0x100</size>
         <input_file_ref idref="fl-24"/>
      </object_component>
      <object_component id="oc-7f">
         <name>.econst:.string</name>
         <load_address>0x3edce8</load_address>
         <run_address>0x3edce8</run_address>
         <size>0xb4</size>
         <input_file_ref idref="fl-a"/>
      </object_component>
      <object_component id="oc-1d4">
         <name>.econst:_Hzk3</name>
         <load_address>0x3edd9c</load_address>
         <run_address>0x3edd9c</run_address>
         <size>0x80</size>
         <input_file_ref idref="fl-b"/>
      </object_component>
      <object_component id="oc-1d3">
         <name>.econst:_Hzk2</name>
         <load_address>0x3ede1c</load_address>
         <run_address>0x3ede1c</run_address>
         <size>0x48</size>
         <input_file_ref idref="fl-b"/>
      </object_component>
      <object_component id="oc-1d2">
         <name>.econst:_Hzk1</name>
         <load_address>0x3ede64</load_address>
         <run_address>0x3ede64</run_address>
         <size>0x20</size>
         <input_file_ref idref="fl-b"/>
      </object_component>
      <object_component id="oc-85">
         <name>.econst:.string</name>
         <load_address>0x3ede84</load_address>
         <run_address>0x3ede84</run_address>
         <size>0x4</size>
         <input_file_ref idref="fl-b"/>
      </object_component>
      <object_component id="oc-168">
         <name>.reset</name>
         <load_address>0x3fffc0</load_address>
         <run_address>0x3fffc0</run_address>
         <size>0x2</size>
         <input_file_ref idref="fl-41"/>
      </object_component>
      <object_component id="oc-11e">
         <name>PieVectTableFile</name>
         <uninitialized>true</uninitialized>
         <run_address>0xd00</run_address>
         <size>0x100</size>
         <input_file_ref idref="fl-1d"/>
      </object_component>
      <object_component id="oc-e8">
         <name>EmuKeyVar</name>
         <uninitialized>true</uninitialized>
         <run_address>0xd00</run_address>
         <size>0x1</size>
         <input_file_ref idref="fl-1d"/>
      </object_component>
      <object_component id="oc-e9">
         <name>EmuBModeVar</name>
         <uninitialized>true</uninitialized>
         <run_address>0xd01</run_address>
         <size>0x1</size>
         <input_file_ref idref="fl-1d"/>
      </object_component>
      <object_component id="oc-eb">
         <name>FlashCallbackVar</name>
         <uninitialized>true</uninitialized>
         <run_address>0xd02</run_address>
         <size>0x2</size>
         <input_file_ref idref="fl-1d"/>
      </object_component>
      <object_component id="oc-ea">
         <name>FlashScalingVar</name>
         <uninitialized>true</uninitialized>
         <run_address>0xd04</run_address>
         <size>0x2</size>
         <input_file_ref idref="fl-1d"/>
      </object_component>
      <object_component id="oc-ed">
         <name>DevEmuRegsFile</name>
         <uninitialized>true</uninitialized>
         <run_address>0x880</run_address>
         <size>0x4</size>
         <input_file_ref idref="fl-1d"/>
      </object_component>
      <object_component id="oc-ec">
         <name>SysPwrCtrlRegsFile</name>
         <uninitialized>true</uninitialized>
         <run_address>0x985</run_address>
         <size>0x3</size>
         <input_file_ref idref="fl-1d"/>
      </object_component>
      <object_component id="oc-f2">
         <name>FlashRegsFile</name>
         <uninitialized>true</uninitialized>
         <run_address>0xa80</run_address>
         <size>0x8</size>
         <input_file_ref idref="fl-1d"/>
      </object_component>
      <object_component id="oc-f4">
         <name>CsmRegsFile</name>
         <uninitialized>true</uninitialized>
         <run_address>0xae0</run_address>
         <size>0x10</size>
         <input_file_ref idref="fl-1d"/>
      </object_component>
      <object_component id="oc-f3">
         <name>AdcResultFile</name>
         <uninitialized>true</uninitialized>
         <run_address>0xb00</run_address>
         <size>0x10</size>
         <input_file_ref idref="fl-1d"/>
      </object_component>
      <object_component id="oc-ee">
         <name>CpuTimer0RegsFile</name>
         <uninitialized>true</uninitialized>
         <run_address>0xc00</run_address>
         <size>0x8</size>
         <input_file_ref idref="fl-1d"/>
      </object_component>
      <object_component id="oc-ef">
         <name>CpuTimer1RegsFile</name>
         <uninitialized>true</uninitialized>
         <run_address>0xc08</run_address>
         <size>0x8</size>
         <input_file_ref idref="fl-1d"/>
      </object_component>
      <object_component id="oc-f0">
         <name>CpuTimer2RegsFile</name>
         <uninitialized>true</uninitialized>
         <run_address>0xc10</run_address>
         <size>0x8</size>
         <input_file_ref idref="fl-1d"/>
      </object_component>
      <object_component id="oc-fe">
         <name>PieCtrlRegsFile</name>
         <uninitialized>true</uninitialized>
         <run_address>0xce0</run_address>
         <size>0x1a</size>
         <input_file_ref idref="fl-1d"/>
      </object_component>
      <object_component id="oc-10e">
         <name>Cla1RegsFile</name>
         <uninitialized>true</uninitialized>
         <run_address>0x1400</run_address>
         <size>0x40</size>
         <input_file_ref idref="fl-1d"/>
      </object_component>
      <object_component id="oc-11c">
         <name>DmaRegsFile</name>
         <uninitialized>true</uninitialized>
         <run_address>0x1000</run_address>
         <size>0xe0</size>
         <input_file_ref idref="fl-1d"/>
      </object_component>
      <object_component id="oc-10d">
         <name>ECanaRegsFile</name>
         <uninitialized>true</uninitialized>
         <run_address>0x6000</run_address>
         <size>0x34</size>
         <input_file_ref idref="fl-1d"/>
      </object_component>
      <object_component id="oc-10f">
         <name>ECanaLAMRegsFile</name>
         <uninitialized>true</uninitialized>
         <run_address>0x6040</run_address>
         <size>0x40</size>
         <input_file_ref idref="fl-1d"/>
      </object_component>
      <object_component id="oc-11d">
         <name>ECanaMboxesFile</name>
         <uninitialized>true</uninitialized>
         <run_address>0x6100</run_address>
         <size>0x100</size>
         <input_file_ref idref="fl-1d"/>
      </object_component>
      <object_component id="oc-110">
         <name>ECanaMOTSRegsFile</name>
         <uninitialized>true</uninitialized>
         <run_address>0x6080</run_address>
         <size>0x40</size>
         <input_file_ref idref="fl-1d"/>
      </object_component>
      <object_component id="oc-111">
         <name>ECanaMOTORegsFile</name>
         <uninitialized>true</uninitialized>
         <run_address>0x60c0</run_address>
         <size>0x40</size>
         <input_file_ref idref="fl-1d"/>
      </object_component>
      <object_component id="oc-ff">
         <name>ECap1RegsFile</name>
         <uninitialized>true</uninitialized>
         <run_address>0x6a00</run_address>
         <size>0x20</size>
         <input_file_ref idref="fl-1d"/>
      </object_component>
      <object_component id="oc-100">
         <name>ECap2RegsFile</name>
         <uninitialized>true</uninitialized>
         <run_address>0x6a20</run_address>
         <size>0x20</size>
         <input_file_ref idref="fl-1d"/>
      </object_component>
      <object_component id="oc-101">
         <name>ECap3RegsFile</name>
         <uninitialized>true</uninitialized>
         <run_address>0x6a40</run_address>
         <size>0x20</size>
         <input_file_ref idref="fl-1d"/>
      </object_component>
      <object_component id="oc-108">
         <name>EQep1RegsFile</name>
         <uninitialized>true</uninitialized>
         <run_address>0x6b00</run_address>
         <size>0x22</size>
         <input_file_ref idref="fl-1d"/>
      </object_component>
      <object_component id="oc-109">
         <name>EQep2RegsFile</name>
         <uninitialized>true</uninitialized>
         <run_address>0x6b40</run_address>
         <size>0x22</size>
         <input_file_ref idref="fl-1d"/>
      </object_component>
      <object_component id="oc-11a">
         <name>GpioCtrlRegsFile</name>
         <uninitialized>true</uninitialized>
         <run_address>0x6f80</run_address>
         <size>0x40</size>
         <input_file_ref idref="fl-1d"/>
      </object_component>
      <object_component id="oc-102">
         <name>GpioDataRegsFile</name>
         <uninitialized>true</uninitialized>
         <run_address>0x6fc0</run_address>
         <size>0x20</size>
         <input_file_ref idref="fl-1d"/>
      </object_component>
      <object_component id="oc-103">
         <name>GpioIntRegsFile</name>
         <uninitialized>true</uninitialized>
         <run_address>0x6fe0</run_address>
         <size>0x20</size>
         <input_file_ref idref="fl-1d"/>
      </object_component>
      <object_component id="oc-104">
         <name>HRCap1RegsFile</name>
         <uninitialized>true</uninitialized>
         <run_address>0x6ac0</run_address>
         <size>0x20</size>
         <input_file_ref idref="fl-1d"/>
      </object_component>
      <object_component id="oc-105">
         <name>HRCap2RegsFile</name>
         <uninitialized>true</uninitialized>
         <run_address>0x6ae0</run_address>
         <size>0x20</size>
         <input_file_ref idref="fl-1d"/>
      </object_component>
      <object_component id="oc-106">
         <name>HRCap3RegsFile</name>
         <uninitialized>true</uninitialized>
         <run_address>0x6c80</run_address>
         <size>0x20</size>
         <input_file_ref idref="fl-1d"/>
      </object_component>
      <object_component id="oc-107">
         <name>HRCap4RegsFile</name>
         <uninitialized>true</uninitialized>
         <run_address>0x6ca0</run_address>
         <size>0x20</size>
         <input_file_ref idref="fl-1d"/>
      </object_component>
      <object_component id="oc-10c">
         <name>SysCtrlRegsFile</name>
         <uninitialized>true</uninitialized>
         <run_address>0x7010</run_address>
         <size>0x30</size>
         <input_file_ref idref="fl-1d"/>
      </object_component>
      <object_component id="oc-f8">
         <name>SpiaRegsFile</name>
         <uninitialized>true</uninitialized>
         <run_address>0x7040</run_address>
         <size>0x10</size>
         <input_file_ref idref="fl-1d"/>
      </object_component>
      <object_component id="oc-f9">
         <name>SpibRegsFile</name>
         <uninitialized>true</uninitialized>
         <run_address>0x7740</run_address>
         <size>0x10</size>
         <input_file_ref idref="fl-1d"/>
      </object_component>
      <object_component id="oc-f6">
         <name>SciaRegsFile</name>
         <uninitialized>true</uninitialized>
         <run_address>0x7050</run_address>
         <size>0x10</size>
         <input_file_ref idref="fl-1d"/>
      </object_component>
      <object_component id="oc-f7">
         <name>ScibRegsFile</name>
         <uninitialized>true</uninitialized>
         <run_address>0x7750</run_address>
         <size>0x10</size>
         <input_file_ref idref="fl-1d"/>
      </object_component>
      <object_component id="oc-f5">
         <name>NmiIntruptRegsFile</name>
         <uninitialized>true</uninitialized>
         <run_address>0x7060</run_address>
         <size>0x10</size>
         <input_file_ref idref="fl-1d"/>
      </object_component>
      <object_component id="oc-fa">
         <name>XIntruptRegsFile</name>
         <uninitialized>true</uninitialized>
         <run_address>0x7070</run_address>
         <size>0x10</size>
         <input_file_ref idref="fl-1d"/>
      </object_component>
      <object_component id="oc-11b">
         <name>AdcRegsFile</name>
         <uninitialized>true</uninitialized>
         <run_address>0x7100</run_address>
         <size>0x50</size>
         <input_file_ref idref="fl-1d"/>
      </object_component>
      <object_component id="oc-10a">
         <name>I2caRegsFile</name>
         <uninitialized>true</uninitialized>
         <run_address>0x7900</run_address>
         <size>0x22</size>
         <input_file_ref idref="fl-1d"/>
      </object_component>
      <object_component id="oc-fb">
         <name>Comp1RegsFile</name>
         <uninitialized>true</uninitialized>
         <run_address>0x6400</run_address>
         <size>0x14</size>
         <input_file_ref idref="fl-1d"/>
      </object_component>
      <object_component id="oc-fc">
         <name>Comp2RegsFile</name>
         <uninitialized>true</uninitialized>
         <run_address>0x6420</run_address>
         <size>0x14</size>
         <input_file_ref idref="fl-1d"/>
      </object_component>
      <object_component id="oc-fd">
         <name>Comp3RegsFile</name>
         <uninitialized>true</uninitialized>
         <run_address>0x6440</run_address>
         <size>0x14</size>
         <input_file_ref idref="fl-1d"/>
      </object_component>
      <object_component id="oc-112">
         <name>EPwm1RegsFile</name>
         <uninitialized>true</uninitialized>
         <run_address>0x6800</run_address>
         <size>0x40</size>
         <input_file_ref idref="fl-1d"/>
      </object_component>
      <object_component id="oc-113">
         <name>EPwm2RegsFile</name>
         <uninitialized>true</uninitialized>
         <run_address>0x6840</run_address>
         <size>0x40</size>
         <input_file_ref idref="fl-1d"/>
      </object_component>
      <object_component id="oc-114">
         <name>EPwm3RegsFile</name>
         <uninitialized>true</uninitialized>
         <run_address>0x6880</run_address>
         <size>0x40</size>
         <input_file_ref idref="fl-1d"/>
      </object_component>
      <object_component id="oc-115">
         <name>EPwm4RegsFile</name>
         <uninitialized>true</uninitialized>
         <run_address>0x68c0</run_address>
         <size>0x40</size>
         <input_file_ref idref="fl-1d"/>
      </object_component>
      <object_component id="oc-116">
         <name>EPwm5RegsFile</name>
         <uninitialized>true</uninitialized>
         <run_address>0x6900</run_address>
         <size>0x40</size>
         <input_file_ref idref="fl-1d"/>
      </object_component>
      <object_component id="oc-117">
         <name>EPwm6RegsFile</name>
         <uninitialized>true</uninitialized>
         <run_address>0x6940</run_address>
         <size>0x40</size>
         <input_file_ref idref="fl-1d"/>
      </object_component>
      <object_component id="oc-118">
         <name>EPwm7RegsFile</name>
         <uninitialized>true</uninitialized>
         <run_address>0x6980</run_address>
         <size>0x40</size>
         <input_file_ref idref="fl-1d"/>
      </object_component>
      <object_component id="oc-119">
         <name>EPwm8RegsFile</name>
         <uninitialized>true</uninitialized>
         <run_address>0x69c0</run_address>
         <size>0x40</size>
         <input_file_ref idref="fl-1d"/>
      </object_component>
      <object_component id="oc-10b">
         <name>McbspaRegsFile</name>
         <uninitialized>true</uninitialized>
         <run_address>0x5000</run_address>
         <size>0x24</size>
         <input_file_ref idref="fl-1d"/>
      </object_component>
      <object_component id="oc-11f">
         <name>Usb0RegsFile</name>
         <uninitialized>true</uninitialized>
         <run_address>0x4000</run_address>
         <size>0x454</size>
         <input_file_ref idref="fl-1d"/>
      </object_component>
      <object_component id="oc-f1">
         <name>CsmPwlFile</name>
         <uninitialized>true</uninitialized>
         <run_address>0x3f7ff8</run_address>
         <size>0x8</size>
         <input_file_ref idref="fl-1d"/>
      </object_component>
      <object_component id="oc-e7">
         <name>PartIdRegsFile</name>
         <uninitialized>true</uninitialized>
         <run_address>0x3d7e80</run_address>
         <size>0x1</size>
         <input_file_ref idref="fl-1d"/>
      </object_component>
      <object_component id="oc-54">
         <name>.debug_info</name>
         <load_address>0x0</load_address>
         <run_address>0x0</run_address>
         <size>0x662e</size>
         <input_file_ref idref="fl-2"/>
      </object_component>
      <object_component id="oc-5c">
         <name>.debug_info</name>
         <load_address>0x662e</load_address>
         <run_address>0x662e</run_address>
         <size>0x197</size>
         <input_file_ref idref="fl-3"/>
      </object_component>
      <object_component id="oc-5e">
         <name>.debug_info</name>
         <load_address>0x67c5</load_address>
         <run_address>0x67c5</run_address>
         <size>0x413</size>
         <input_file_ref idref="fl-4"/>
      </object_component>
      <object_component id="oc-63">
         <name>.debug_info</name>
         <load_address>0x6bd8</load_address>
         <run_address>0x6bd8</run_address>
         <size>0x6fe</size>
         <input_file_ref idref="fl-5"/>
      </object_component>
      <object_component id="oc-68">
         <name>.debug_info</name>
         <load_address>0x72d6</load_address>
         <run_address>0x72d6</run_address>
         <size>0x453a</size>
         <input_file_ref idref="fl-6"/>
      </object_component>
      <object_component id="oc-6d">
         <name>.debug_info</name>
         <load_address>0xb810</load_address>
         <run_address>0xb810</run_address>
         <size>0x4ce</size>
         <input_file_ref idref="fl-7"/>
      </object_component>
      <object_component id="oc-72">
         <name>.debug_info</name>
         <load_address>0xbcde</load_address>
         <run_address>0xbcde</run_address>
         <size>0x6b6</size>
         <input_file_ref idref="fl-8"/>
      </object_component>
      <object_component id="oc-77">
         <name>.debug_info</name>
         <load_address>0xc394</load_address>
         <run_address>0xc394</run_address>
         <size>0x3123</size>
         <input_file_ref idref="fl-9"/>
      </object_component>
      <object_component id="oc-7c">
         <name>.debug_info</name>
         <load_address>0xf4b7</load_address>
         <run_address>0xf4b7</run_address>
         <size>0xb4b</size>
         <input_file_ref idref="fl-a"/>
      </object_component>
      <object_component id="oc-84">
         <name>.debug_info</name>
         <load_address>0x10002</load_address>
         <run_address>0x10002</run_address>
         <size>0x2b03</size>
         <input_file_ref idref="fl-b"/>
      </object_component>
      <object_component id="oc-8a">
         <name>.debug_info</name>
         <load_address>0x12b05</load_address>
         <run_address>0x12b05</run_address>
         <size>0x459</size>
         <input_file_ref idref="fl-c"/>
      </object_component>
      <object_component id="oc-8f">
         <name>.debug_info</name>
         <load_address>0x12f5e</load_address>
         <run_address>0x12f5e</run_address>
         <size>0x598e</size>
         <input_file_ref idref="fl-d"/>
      </object_component>
      <object_component id="oc-94">
         <name>.debug_info</name>
         <load_address>0x188ec</load_address>
         <run_address>0x188ec</run_address>
         <size>0xe74</size>
         <input_file_ref idref="fl-e"/>
      </object_component>
      <object_component id="oc-9b">
         <name>.debug_info</name>
         <load_address>0x19760</load_address>
         <run_address>0x19760</run_address>
         <size>0x3bc2</size>
         <input_file_ref idref="fl-f"/>
      </object_component>
      <object_component id="oc-a2">
         <name>.debug_info</name>
         <load_address>0x1d322</load_address>
         <run_address>0x1d322</run_address>
         <size>0x1c42</size>
         <input_file_ref idref="fl-10"/>
      </object_component>
      <object_component id="oc-a7">
         <name>.debug_info</name>
         <load_address>0x1ef64</load_address>
         <run_address>0x1ef64</run_address>
         <size>0x4953</size>
         <input_file_ref idref="fl-11"/>
      </object_component>
      <object_component id="oc-af">
         <name>.debug_info</name>
         <load_address>0x238b7</load_address>
         <run_address>0x238b7</run_address>
         <size>0x155</size>
         <input_file_ref idref="fl-12"/>
      </object_component>
      <object_component id="oc-b2">
         <name>.debug_info</name>
         <load_address>0x23a0c</load_address>
         <run_address>0x23a0c</run_address>
         <size>0x188a</size>
         <input_file_ref idref="fl-13"/>
      </object_component>
      <object_component id="oc-b7">
         <name>.debug_info</name>
         <load_address>0x25296</load_address>
         <run_address>0x25296</run_address>
         <size>0x82c</size>
         <input_file_ref idref="fl-14"/>
      </object_component>
      <object_component id="oc-bf">
         <name>.debug_info</name>
         <load_address>0x25ac2</load_address>
         <run_address>0x25ac2</run_address>
         <size>0x10c</size>
         <input_file_ref idref="fl-15"/>
      </object_component>
      <object_component id="oc-c2">
         <name>.debug_info</name>
         <load_address>0x25bce</load_address>
         <run_address>0x25bce</run_address>
         <size>0x2fe7</size>
         <input_file_ref idref="fl-16"/>
      </object_component>
      <object_component id="oc-ca">
         <name>.debug_info</name>
         <load_address>0x28bb5</load_address>
         <run_address>0x28bb5</run_address>
         <size>0x112</size>
         <input_file_ref idref="fl-17"/>
      </object_component>
      <object_component id="oc-cd">
         <name>.debug_info</name>
         <load_address>0x28cc7</load_address>
         <run_address>0x28cc7</run_address>
         <size>0x16e5</size>
         <input_file_ref idref="fl-18"/>
      </object_component>
      <object_component id="oc-d2">
         <name>.debug_info</name>
         <load_address>0x2a3ac</load_address>
         <run_address>0x2a3ac</run_address>
         <size>0x5722</size>
         <input_file_ref idref="fl-19"/>
      </object_component>
      <object_component id="oc-d7">
         <name>.debug_info</name>
         <load_address>0x2face</load_address>
         <run_address>0x2face</run_address>
         <size>0x188a</size>
         <input_file_ref idref="fl-1a"/>
      </object_component>
      <object_component id="oc-dc">
         <name>.debug_info</name>
         <load_address>0x31358</load_address>
         <run_address>0x31358</run_address>
         <size>0x188a</size>
         <input_file_ref idref="fl-1b"/>
      </object_component>
      <object_component id="oc-e1">
         <name>.debug_info</name>
         <load_address>0x32be2</load_address>
         <run_address>0x32be2</run_address>
         <size>0x188a</size>
         <input_file_ref idref="fl-1c"/>
      </object_component>
      <object_component id="oc-e6">
         <name>.debug_info</name>
         <load_address>0x3446c</load_address>
         <run_address>0x3446c</run_address>
         <size>0x1b042</size>
         <input_file_ref idref="fl-1d"/>
      </object_component>
      <object_component id="oc-121">
         <name>.debug_info</name>
         <load_address>0x4f4ae</load_address>
         <run_address>0x4f4ae</run_address>
         <size>0x188a</size>
         <input_file_ref idref="fl-1e"/>
      </object_component>
      <object_component id="oc-126">
         <name>.debug_info</name>
         <load_address>0x50d38</load_address>
         <run_address>0x50d38</run_address>
         <size>0x188b</size>
         <input_file_ref idref="fl-1f"/>
      </object_component>
      <object_component id="oc-12b">
         <name>.debug_info</name>
         <load_address>0x525c3</load_address>
         <run_address>0x525c3</run_address>
         <size>0x1889</size>
         <input_file_ref idref="fl-20"/>
      </object_component>
      <object_component id="oc-130">
         <name>.debug_info</name>
         <load_address>0x53e4c</load_address>
         <run_address>0x53e4c</run_address>
         <size>0x4635</size>
         <input_file_ref idref="fl-21"/>
      </object_component>
      <object_component id="oc-135">
         <name>.debug_info</name>
         <load_address>0x58481</load_address>
         <run_address>0x58481</run_address>
         <size>0x183d</size>
         <input_file_ref idref="fl-22"/>
      </object_component>
      <object_component id="oc-13a">
         <name>.debug_info</name>
         <load_address>0x59cbe</load_address>
         <run_address>0x59cbe</run_address>
         <size>0xb76</size>
         <input_file_ref idref="fl-23"/>
      </object_component>
      <object_component id="oc-13f">
         <name>.debug_info</name>
         <load_address>0x5a834</load_address>
         <run_address>0x5a834</run_address>
         <size>0x2495</size>
         <input_file_ref idref="fl-24"/>
      </object_component>
      <object_component id="oc-144">
         <name>.debug_info</name>
         <load_address>0x5ccc9</load_address>
         <run_address>0x5ccc9</run_address>
         <size>0x1889</size>
         <input_file_ref idref="fl-25"/>
      </object_component>
      <object_component id="oc-149">
         <name>.debug_info</name>
         <load_address>0x5e552</load_address>
         <run_address>0x5e552</run_address>
         <size>0x1889</size>
         <input_file_ref idref="fl-26"/>
      </object_component>
      <object_component id="oc-14e">
         <name>.debug_info</name>
         <load_address>0x5fddb</load_address>
         <run_address>0x5fddb</run_address>
         <size>0x2a9a</size>
         <input_file_ref idref="fl-27"/>
      </object_component>
      <object_component id="oc-153">
         <name>.debug_info</name>
         <load_address>0x62875</load_address>
         <run_address>0x62875</run_address>
         <size>0x367</size>
         <input_file_ref idref="fl-28"/>
      </object_component>
      <object_component id="oc-15a">
         <name>.debug_info</name>
         <load_address>0x62bdc</load_address>
         <run_address>0x62bdc</run_address>
         <size>0x10f</size>
         <input_file_ref idref="fl-29"/>
      </object_component>
      <object_component id="oc-15d">
         <name>.debug_info</name>
         <load_address>0x62ceb</load_address>
         <run_address>0x62ceb</run_address>
         <size>0x3cf</size>
         <input_file_ref idref="fl-3f"/>
      </object_component>
      <object_component id="oc-162">
         <name>.debug_info</name>
         <load_address>0x630ba</load_address>
         <run_address>0x630ba</run_address>
         <size>0x3e1</size>
         <input_file_ref idref="fl-40"/>
      </object_component>
      <object_component id="oc-169">
         <name>.debug_info</name>
         <load_address>0x6349b</load_address>
         <run_address>0x6349b</run_address>
         <size>0x173</size>
         <input_file_ref idref="fl-41"/>
      </object_component>
      <object_component id="oc-16e">
         <name>.debug_info</name>
         <load_address>0x6360e</load_address>
         <run_address>0x6360e</run_address>
         <size>0x114</size>
         <input_file_ref idref="fl-42"/>
      </object_component>
      <object_component id="oc-173">
         <name>.debug_info</name>
         <load_address>0x63722</load_address>
         <run_address>0x63722</run_address>
         <size>0x141</size>
         <input_file_ref idref="fl-43"/>
      </object_component>
      <object_component id="oc-177">
         <name>.debug_info</name>
         <load_address>0x63863</load_address>
         <run_address>0x63863</run_address>
         <size>0x561</size>
         <input_file_ref idref="fl-44"/>
      </object_component>
      <object_component id="oc-17c">
         <name>.debug_info</name>
         <load_address>0x63dc4</load_address>
         <run_address>0x63dc4</run_address>
         <size>0x43a</size>
         <input_file_ref idref="fl-45"/>
      </object_component>
      <object_component id="oc-181">
         <name>.debug_info</name>
         <load_address>0x641fe</load_address>
         <run_address>0x641fe</run_address>
         <size>0x3ad</size>
         <input_file_ref idref="fl-46"/>
      </object_component>
      <object_component id="oc-186">
         <name>.debug_info</name>
         <load_address>0x645ab</load_address>
         <run_address>0x645ab</run_address>
         <size>0x3aa</size>
         <input_file_ref idref="fl-47"/>
      </object_component>
      <object_component id="oc-18b">
         <name>.debug_info</name>
         <load_address>0x64955</load_address>
         <run_address>0x64955</run_address>
         <size>0x544</size>
         <input_file_ref idref="fl-48"/>
      </object_component>
      <object_component id="oc-192">
         <name>.debug_info</name>
         <load_address>0x64e99</load_address>
         <run_address>0x64e99</run_address>
         <size>0x4cc</size>
         <input_file_ref idref="fl-49"/>
      </object_component>
      <object_component id="oc-197">
         <name>.debug_info</name>
         <load_address>0x65365</load_address>
         <run_address>0x65365</run_address>
         <size>0x467</size>
         <input_file_ref idref="fl-4a"/>
      </object_component>
      <object_component id="oc-232">
         <name>.debug_info</name>
         <load_address>0x657cc</load_address>
         <run_address>0x657cc</run_address>
         <size>0xa9</size>
      </object_component>
      <object_component id="oc-58">
         <name>.debug_frame</name>
         <load_address>0x0</load_address>
         <run_address>0x0</run_address>
         <size>0xc8</size>
         <input_file_ref idref="fl-2"/>
      </object_component>
      <object_component id="oc-5f">
         <name>.debug_frame</name>
         <load_address>0xc8</load_address>
         <run_address>0xc8</run_address>
         <size>0x28</size>
         <input_file_ref idref="fl-4"/>
      </object_component>
      <object_component id="oc-64">
         <name>.debug_frame</name>
         <load_address>0xf0</load_address>
         <run_address>0xf0</run_address>
         <size>0x28</size>
         <input_file_ref idref="fl-5"/>
      </object_component>
      <object_component id="oc-69">
         <name>.debug_frame</name>
         <load_address>0x118</load_address>
         <run_address>0x118</run_address>
         <size>0x40</size>
         <input_file_ref idref="fl-6"/>
      </object_component>
      <object_component id="oc-6e">
         <name>.debug_frame</name>
         <load_address>0x158</load_address>
         <run_address>0x158</run_address>
         <size>0x44</size>
         <input_file_ref idref="fl-7"/>
      </object_component>
      <object_component id="oc-73">
         <name>.debug_frame</name>
         <load_address>0x19c</load_address>
         <run_address>0x19c</run_address>
         <size>0x68</size>
         <input_file_ref idref="fl-8"/>
      </object_component>
      <object_component id="oc-78">
         <name>.debug_frame</name>
         <load_address>0x204</load_address>
         <run_address>0x204</run_address>
         <size>0xa0</size>
         <input_file_ref idref="fl-9"/>
      </object_component>
      <object_component id="oc-80">
         <name>.debug_frame</name>
         <load_address>0x2a4</load_address>
         <run_address>0x2a4</run_address>
         <size>0x60</size>
         <input_file_ref idref="fl-a"/>
      </object_component>
      <object_component id="oc-86">
         <name>.debug_frame</name>
         <load_address>0x304</load_address>
         <run_address>0x304</run_address>
         <size>0x288</size>
         <input_file_ref idref="fl-b"/>
      </object_component>
      <object_component id="oc-8b">
         <name>.debug_frame</name>
         <load_address>0x58c</load_address>
         <run_address>0x58c</run_address>
         <size>0x44</size>
         <input_file_ref idref="fl-c"/>
      </object_component>
      <object_component id="oc-90">
         <name>.debug_frame</name>
         <load_address>0x5d0</load_address>
         <run_address>0x5d0</run_address>
         <size>0x58</size>
         <input_file_ref idref="fl-d"/>
      </object_component>
      <object_component id="oc-97">
         <name>.debug_frame</name>
         <load_address>0x628</load_address>
         <run_address>0x628</run_address>
         <size>0x40</size>
         <input_file_ref idref="fl-e"/>
      </object_component>
      <object_component id="oc-9e">
         <name>.debug_frame</name>
         <load_address>0x668</load_address>
         <run_address>0x668</run_address>
         <size>0x8c</size>
         <input_file_ref idref="fl-f"/>
      </object_component>
      <object_component id="oc-a3">
         <name>.debug_frame</name>
         <load_address>0x6f4</load_address>
         <run_address>0x6f4</run_address>
         <size>0x40</size>
         <input_file_ref idref="fl-10"/>
      </object_component>
      <object_component id="oc-a8">
         <name>.debug_frame</name>
         <load_address>0x734</load_address>
         <run_address>0x734</run_address>
         <size>0x28</size>
         <input_file_ref idref="fl-11"/>
      </object_component>
      <object_component id="oc-b3">
         <name>.debug_frame</name>
         <load_address>0x75c</load_address>
         <run_address>0x75c</run_address>
         <size>0x28</size>
         <input_file_ref idref="fl-13"/>
      </object_component>
      <object_component id="oc-b9">
         <name>.debug_frame</name>
         <load_address>0x784</load_address>
         <run_address>0x784</run_address>
         <size>0x28</size>
         <input_file_ref idref="fl-14"/>
      </object_component>
      <object_component id="oc-c4">
         <name>.debug_frame</name>
         <load_address>0x7ac</load_address>
         <run_address>0x7ac</run_address>
         <size>0xbb0</size>
         <input_file_ref idref="fl-16"/>
      </object_component>
      <object_component id="oc-ce">
         <name>.debug_frame</name>
         <load_address>0x135c</load_address>
         <run_address>0x135c</run_address>
         <size>0x28</size>
         <input_file_ref idref="fl-18"/>
      </object_component>
      <object_component id="oc-d3">
         <name>.debug_frame</name>
         <load_address>0x1384</load_address>
         <run_address>0x1384</run_address>
         <size>0x28</size>
         <input_file_ref idref="fl-19"/>
      </object_component>
      <object_component id="oc-d8">
         <name>.debug_frame</name>
         <load_address>0x13ac</load_address>
         <run_address>0x13ac</run_address>
         <size>0x28</size>
         <input_file_ref idref="fl-1a"/>
      </object_component>
      <object_component id="oc-dd">
         <name>.debug_frame</name>
         <load_address>0x13d4</load_address>
         <run_address>0x13d4</run_address>
         <size>0x28</size>
         <input_file_ref idref="fl-1b"/>
      </object_component>
      <object_component id="oc-e2">
         <name>.debug_frame</name>
         <load_address>0x13fc</load_address>
         <run_address>0x13fc</run_address>
         <size>0x28</size>
         <input_file_ref idref="fl-1c"/>
      </object_component>
      <object_component id="oc-122">
         <name>.debug_frame</name>
         <load_address>0x1424</load_address>
         <run_address>0x1424</run_address>
         <size>0x28</size>
         <input_file_ref idref="fl-1e"/>
      </object_component>
      <object_component id="oc-127">
         <name>.debug_frame</name>
         <load_address>0x144c</load_address>
         <run_address>0x144c</run_address>
         <size>0x28</size>
         <input_file_ref idref="fl-1f"/>
      </object_component>
      <object_component id="oc-12c">
         <name>.debug_frame</name>
         <load_address>0x1474</load_address>
         <run_address>0x1474</run_address>
         <size>0x28</size>
         <input_file_ref idref="fl-20"/>
      </object_component>
      <object_component id="oc-131">
         <name>.debug_frame</name>
         <load_address>0x149c</load_address>
         <run_address>0x149c</run_address>
         <size>0x28</size>
         <input_file_ref idref="fl-21"/>
      </object_component>
      <object_component id="oc-136">
         <name>.debug_frame</name>
         <load_address>0x14c4</load_address>
         <run_address>0x14c4</run_address>
         <size>0x28</size>
         <input_file_ref idref="fl-22"/>
      </object_component>
      <object_component id="oc-13b">
         <name>.debug_frame</name>
         <load_address>0x14ec</load_address>
         <run_address>0x14ec</run_address>
         <size>0x58</size>
         <input_file_ref idref="fl-23"/>
      </object_component>
      <object_component id="oc-140">
         <name>.debug_frame</name>
         <load_address>0x1544</load_address>
         <run_address>0x1544</run_address>
         <size>0x44</size>
         <input_file_ref idref="fl-24"/>
      </object_component>
      <object_component id="oc-145">
         <name>.debug_frame</name>
         <load_address>0x1588</load_address>
         <run_address>0x1588</run_address>
         <size>0x28</size>
         <input_file_ref idref="fl-25"/>
      </object_component>
      <object_component id="oc-14a">
         <name>.debug_frame</name>
         <load_address>0x15b0</load_address>
         <run_address>0x15b0</run_address>
         <size>0x28</size>
         <input_file_ref idref="fl-26"/>
      </object_component>
      <object_component id="oc-14f">
         <name>.debug_frame</name>
         <load_address>0x15d8</load_address>
         <run_address>0x15d8</run_address>
         <size>0x154</size>
         <input_file_ref idref="fl-27"/>
      </object_component>
      <object_component id="oc-154">
         <name>.debug_frame</name>
         <load_address>0x172c</load_address>
         <run_address>0x172c</run_address>
         <size>0x28</size>
         <input_file_ref idref="fl-28"/>
      </object_component>
      <object_component id="oc-15e">
         <name>.debug_frame</name>
         <load_address>0x1754</load_address>
         <run_address>0x1754</run_address>
         <size>0x44</size>
         <input_file_ref idref="fl-3f"/>
      </object_component>
      <object_component id="oc-163">
         <name>.debug_frame</name>
         <load_address>0x1798</load_address>
         <run_address>0x1798</run_address>
         <size>0x64</size>
         <input_file_ref idref="fl-40"/>
      </object_component>
      <object_component id="oc-178">
         <name>.debug_frame</name>
         <load_address>0x17fc</load_address>
         <run_address>0x17fc</run_address>
         <size>0x60</size>
         <input_file_ref idref="fl-44"/>
      </object_component>
      <object_component id="oc-17d">
         <name>.debug_frame</name>
         <load_address>0x185c</load_address>
         <run_address>0x185c</run_address>
         <size>0x40</size>
         <input_file_ref idref="fl-45"/>
      </object_component>
      <object_component id="oc-182">
         <name>.debug_frame</name>
         <load_address>0x189c</load_address>
         <run_address>0x189c</run_address>
         <size>0x40</size>
         <input_file_ref idref="fl-46"/>
      </object_component>
      <object_component id="oc-187">
         <name>.debug_frame</name>
         <load_address>0x18dc</load_address>
         <run_address>0x18dc</run_address>
         <size>0x40</size>
         <input_file_ref idref="fl-47"/>
      </object_component>
      <object_component id="oc-18e">
         <name>.debug_frame</name>
         <load_address>0x191c</load_address>
         <run_address>0x191c</run_address>
         <size>0x60</size>
         <input_file_ref idref="fl-48"/>
      </object_component>
      <object_component id="oc-193">
         <name>.debug_frame</name>
         <load_address>0x197c</load_address>
         <run_address>0x197c</run_address>
         <size>0x70</size>
         <input_file_ref idref="fl-49"/>
      </object_component>
      <object_component id="oc-198">
         <name>.debug_frame</name>
         <load_address>0x19ec</load_address>
         <run_address>0x19ec</run_address>
         <size>0x40</size>
         <input_file_ref idref="fl-4a"/>
      </object_component>
      <object_component id="oc-59">
         <name>.debug_line</name>
         <load_address>0x0</load_address>
         <run_address>0x0</run_address>
         <size>0xd1</size>
         <input_file_ref idref="fl-2"/>
      </object_component>
      <object_component id="oc-60">
         <name>.debug_line</name>
         <load_address>0xd1</load_address>
         <run_address>0xd1</run_address>
         <size>0x4a</size>
         <input_file_ref idref="fl-4"/>
      </object_component>
      <object_component id="oc-65">
         <name>.debug_line</name>
         <load_address>0x11b</load_address>
         <run_address>0x11b</run_address>
         <size>0x3c</size>
         <input_file_ref idref="fl-5"/>
      </object_component>
      <object_component id="oc-6a">
         <name>.debug_line</name>
         <load_address>0x157</load_address>
         <run_address>0x157</run_address>
         <size>0x68</size>
         <input_file_ref idref="fl-6"/>
      </object_component>
      <object_component id="oc-6f">
         <name>.debug_line</name>
         <load_address>0x1bf</load_address>
         <run_address>0x1bf</run_address>
         <size>0x5f</size>
         <input_file_ref idref="fl-7"/>
      </object_component>
      <object_component id="oc-74">
         <name>.debug_line</name>
         <load_address>0x21e</load_address>
         <run_address>0x21e</run_address>
         <size>0x19c</size>
         <input_file_ref idref="fl-8"/>
      </object_component>
      <object_component id="oc-79">
         <name>.debug_line</name>
         <load_address>0x3ba</load_address>
         <run_address>0x3ba</run_address>
         <size>0xc1</size>
         <input_file_ref idref="fl-9"/>
      </object_component>
      <object_component id="oc-81">
         <name>.debug_line</name>
         <load_address>0x47b</load_address>
         <run_address>0x47b</run_address>
         <size>0x1d7</size>
         <input_file_ref idref="fl-a"/>
      </object_component>
      <object_component id="oc-87">
         <name>.debug_line</name>
         <load_address>0x652</load_address>
         <run_address>0x652</run_address>
         <size>0x580</size>
         <input_file_ref idref="fl-b"/>
      </object_component>
      <object_component id="oc-8c">
         <name>.debug_line</name>
         <load_address>0xbd2</load_address>
         <run_address>0xbd2</run_address>
         <size>0x5c</size>
         <input_file_ref idref="fl-c"/>
      </object_component>
      <object_component id="oc-91">
         <name>.debug_line</name>
         <load_address>0xc2e</load_address>
         <run_address>0xc2e</run_address>
         <size>0xaa</size>
         <input_file_ref idref="fl-d"/>
      </object_component>
      <object_component id="oc-98">
         <name>.debug_line</name>
         <load_address>0xcd8</load_address>
         <run_address>0xcd8</run_address>
         <size>0x88</size>
         <input_file_ref idref="fl-e"/>
      </object_component>
      <object_component id="oc-9f">
         <name>.debug_line</name>
         <load_address>0xd60</load_address>
         <run_address>0xd60</run_address>
         <size>0xf2</size>
         <input_file_ref idref="fl-f"/>
      </object_component>
      <object_component id="oc-a4">
         <name>.debug_line</name>
         <load_address>0xe52</load_address>
         <run_address>0xe52</run_address>
         <size>0x97</size>
         <input_file_ref idref="fl-10"/>
      </object_component>
      <object_component id="oc-a9">
         <name>.debug_line</name>
         <load_address>0xee9</load_address>
         <run_address>0xee9</run_address>
         <size>0x41</size>
         <input_file_ref idref="fl-11"/>
      </object_component>
      <object_component id="oc-ae">
         <name>.debug_line</name>
         <load_address>0xf2a</load_address>
         <run_address>0xf2a</run_address>
         <size>0x76</size>
         <input_file_ref idref="fl-12"/>
      </object_component>
      <object_component id="oc-b4">
         <name>.debug_line</name>
         <load_address>0xfa0</load_address>
         <run_address>0xfa0</run_address>
         <size>0x42</size>
         <input_file_ref idref="fl-13"/>
      </object_component>
      <object_component id="oc-ba">
         <name>.debug_line</name>
         <load_address>0xfe2</load_address>
         <run_address>0xfe2</run_address>
         <size>0x47</size>
         <input_file_ref idref="fl-14"/>
      </object_component>
      <object_component id="oc-be">
         <name>.debug_line</name>
         <load_address>0x1029</load_address>
         <run_address>0x1029</run_address>
         <size>0x56</size>
         <input_file_ref idref="fl-15"/>
      </object_component>
      <object_component id="oc-c5">
         <name>.debug_line</name>
         <load_address>0x107f</load_address>
         <run_address>0x107f</run_address>
         <size>0x889</size>
         <input_file_ref idref="fl-16"/>
      </object_component>
      <object_component id="oc-c9">
         <name>.debug_line</name>
         <load_address>0x1908</load_address>
         <run_address>0x1908</run_address>
         <size>0x5a</size>
         <input_file_ref idref="fl-17"/>
      </object_component>
      <object_component id="oc-cf">
         <name>.debug_line</name>
         <load_address>0x1962</load_address>
         <run_address>0x1962</run_address>
         <size>0x41</size>
         <input_file_ref idref="fl-18"/>
      </object_component>
      <object_component id="oc-d4">
         <name>.debug_line</name>
         <load_address>0x19a3</load_address>
         <run_address>0x19a3</run_address>
         <size>0x42</size>
         <input_file_ref idref="fl-19"/>
      </object_component>
      <object_component id="oc-d9">
         <name>.debug_line</name>
         <load_address>0x19e5</load_address>
         <run_address>0x19e5</run_address>
         <size>0x42</size>
         <input_file_ref idref="fl-1a"/>
      </object_component>
      <object_component id="oc-de">
         <name>.debug_line</name>
         <load_address>0x1a27</load_address>
         <run_address>0x1a27</run_address>
         <size>0x42</size>
         <input_file_ref idref="fl-1b"/>
      </object_component>
      <object_component id="oc-e3">
         <name>.debug_line</name>
         <load_address>0x1a69</load_address>
         <run_address>0x1a69</run_address>
         <size>0x42</size>
         <input_file_ref idref="fl-1c"/>
      </object_component>
      <object_component id="oc-123">
         <name>.debug_line</name>
         <load_address>0x1aab</load_address>
         <run_address>0x1aab</run_address>
         <size>0x42</size>
         <input_file_ref idref="fl-1e"/>
      </object_component>
      <object_component id="oc-128">
         <name>.debug_line</name>
         <load_address>0x1aed</load_address>
         <run_address>0x1aed</run_address>
         <size>0x43</size>
         <input_file_ref idref="fl-1f"/>
      </object_component>
      <object_component id="oc-12d">
         <name>.debug_line</name>
         <load_address>0x1b30</load_address>
         <run_address>0x1b30</run_address>
         <size>0x41</size>
         <input_file_ref idref="fl-20"/>
      </object_component>
      <object_component id="oc-132">
         <name>.debug_line</name>
         <load_address>0x1b71</load_address>
         <run_address>0x1b71</run_address>
         <size>0x43</size>
         <input_file_ref idref="fl-21"/>
      </object_component>
      <object_component id="oc-137">
         <name>.debug_line</name>
         <load_address>0x1bb4</load_address>
         <run_address>0x1bb4</run_address>
         <size>0x45</size>
         <input_file_ref idref="fl-22"/>
      </object_component>
      <object_component id="oc-13c">
         <name>.debug_line</name>
         <load_address>0x1bf9</load_address>
         <run_address>0x1bf9</run_address>
         <size>0x97</size>
         <input_file_ref idref="fl-23"/>
      </object_component>
      <object_component id="oc-141">
         <name>.debug_line</name>
         <load_address>0x1c90</load_address>
         <run_address>0x1c90</run_address>
         <size>0x79</size>
         <input_file_ref idref="fl-24"/>
[...]
      <symbol id="sm-443">
         <name>_I2CINT1A_ISR</name>
         <value>0x3f47a4</value>
         <object_component_ref idref="oc-c3"/>
      </symbol>
      <symbol id="sm-445">
         <name>_XINT2_ISR</name>
         <value>0x3f4600</value>
         <object_component_ref idref="oc-c3"/>
      </symbol>
      <symbol id="sm-447">
         <name>_CLA1_INT7_ISR</name>
         <value>0x3f486c</value>
         <object_component_ref idref="oc-c3"/>
      </symbol>
      <symbol id="sm-449">
         <name>_I2CINT2A_ISR</name>
         <value>0x3f47ae</value>
         <object_component_ref idref="oc-c3"/>
      </symbol>
      <symbol id="sm-44b">
         <name>_RTOSINT_ISR</name>
         <value>0x3f4542</value>
         <object_component_ref idref="oc-c3"/>
      </symbol>
      <symbol id="sm-44d">
         <name>_EPWM3_INT_ISR</name>
         <value>0x3f468c</value>
         <object_component_ref idref="oc-c3"/>
      </symbol>
      <symbol id="sm-44f">
         <name>_ADCINT3_ISR</name>
         <value>0x3f47f4</value>
         <object_component_ref idref="oc-c3"/>
      </symbol>
      <symbol id="sm-451">
         <name>_SPITXINTB_ISR</name>
         <value>0x3f474a</value>
         <object_component_ref idref="oc-c3"/>
      </symbol>
      <symbol id="sm-453">
         <name>_SPIRXINTB_ISR</name>
         <value>0x3f4740</value>
         <object_component_ref idref="oc-c3"/>
      </symbol>
      <symbol id="sm-455">
         <name>_USER9_ISR</name>
         <value>0x3f45ba</value>
         <object_component_ref idref="oc-c3"/>
      </symbol>
      <symbol id="sm-457">
         <name>_USER3_ISR</name>
         <value>0x3f457e</value>
         <object_component_ref idref="oc-c3"/>
      </symbol>
      <symbol id="sm-459">
         <name>_CLA1_INT4_ISR</name>
         <value>0x3f484e</value>
         <object_component_ref idref="oc-c3"/>
      </symbol>
      <symbol id="sm-45b">
         <name>_EQEP1_INT_ISR</name>
         <value>0x3f46fa</value>
         <object_component_ref idref="oc-c3"/>
      </symbol>
      <symbol id="sm-45d">
         <name>_HRCAP3_INT_ISR</name>
         <value>0x3f470e</value>
         <object_component_ref idref="oc-c3"/>
      </symbol>
      <symbol id="sm-45f">
         <name>_DINTCH1_ISR</name>
         <value>0x3f4768</value>
         <object_component_ref idref="oc-c3"/>
      </symbol>
      <symbol id="sm-461">
         <name>_USER8_ISR</name>
         <value>0x3f45b0</value>
         <object_component_ref idref="oc-c3"/>
      </symbol>
      <symbol id="sm-463">
         <name>_EPWM1_INT_ISR</name>
         <value>0x3f4678</value>
         <object_component_ref idref="oc-c3"/>
      </symbol>
      <symbol id="sm-465">
         <name>_USER2_ISR</name>
         <value>0x3f4574</value>
         <object_component_ref idref="oc-c3"/>
      </symbol>
      <symbol id="sm-467">
         <name>_CLA1_INT5_ISR</name>
         <value>0x3f4858</value>
         <object_component_ref idref="oc-c3"/>
      </symbol>
      <symbol id="sm-469">
         <name>_LUF_ISR</name>
         <value>0x3f4894</value>
         <object_component_ref idref="oc-c3"/>
      </symbol>
      <symbol id="sm-46b">
         <name>_LVF_ISR</name>
         <value>0x3f488a</value>
         <object_component_ref idref="oc-c3"/>
      </symbol>
      <symbol id="sm-46d">
         <name>_SCITXINTA_ISR</name>
         <value>0x3f47c2</value>
         <object_component_ref idref="oc-c3"/>
      </symbol>
      <symbol id="sm-46f">
         <name>_SCIRXINTA_ISR</name>
         <value>0x3f47b8</value>
         <object_component_ref idref="oc-c3"/>
      </symbol>
      <symbol id="sm-471">
         <name>_rsvd_ISR</name>
         <value>0x3f48b5</value>
         <object_component_ref idref="oc-c3"/>
      </symbol>
      <symbol id="sm-473">
         <name>_HRCAP1_INT_ISR</name>
         <value>0x3f46e6</value>
         <object_component_ref idref="oc-c3"/>
      </symbol>
      <symbol id="sm-475">
         <name>_DINTCH2_ISR</name>
         <value>0x3f4772</value>
         <object_component_ref idref="oc-c3"/>
      </symbol>
      <symbol id="sm-482">
         <name>_DSP28x_DisableInt</name>
         <value>0x3f58e2</value>
         <object_component_ref idref="oc-c8"/>
      </symbol>
      <symbol id="sm-483">
         <name>_DSP28x_RestoreInt</name>
         <value>0x3f58e6</value>
         <object_component_ref idref="oc-c8"/>
      </symbol>
      <symbol id="sm-528">
         <name>_Usb0Regs</name>
         <value>0x4000</value>
         <object_component_ref idref="oc-11f"/>
      </symbol>
      <symbol id="sm-529">
         <name>_GpioCtrlRegs</name>
         <value>0x6f80</value>
         <object_component_ref idref="oc-11a"/>
      </symbol>
      <symbol id="sm-52a">
         <name>_PieVectTable</name>
         <value>0xd00</value>
         <object_component_ref idref="oc-11e"/>
      </symbol>
      <symbol id="sm-52b">
         <name>_SysPwrCtrlRegs</name>
         <value>0x985</value>
         <object_component_ref idref="oc-ec"/>
      </symbol>
      <symbol id="sm-52c">
         <name>_EmuBMode</name>
         <value>0xd01</value>
         <object_component_ref idref="oc-e9"/>
      </symbol>
      <symbol id="sm-52d">
         <name>_CsmRegs</name>
         <value>0xae0</value>
         <object_component_ref idref="oc-f4"/>
      </symbol>
      <symbol id="sm-52e">
         <name>_ECanaLAMRegs</name>
         <value>0x6040</value>
         <object_component_ref idref="oc-10f"/>
      </symbol>
      <symbol id="sm-52f">
         <name>_AdcResult</name>
         <value>0xb00</value>
         <object_component_ref idref="oc-f3"/>
      </symbol>
      <symbol id="sm-530">
         <name>_EPwm4Regs</name>
         <value>0x68c0</value>
         <object_component_ref idref="oc-115"/>
      </symbol>
      <symbol id="sm-531">
         <name>_CpuTimer1Regs</name>
         <value>0xc08</value>
         <object_component_ref idref="oc-ef"/>
      </symbol>
      <symbol id="sm-532">
         <name>_SysCtrlRegs</name>
         <value>0x7010</value>
         <object_component_ref idref="oc-10c"/>
      </symbol>
      <symbol id="sm-533">
         <name>_HRCap4Regs</name>
         <value>0x6ca0</value>
         <object_component_ref idref="oc-107"/>
      </symbol>
      <symbol id="sm-534">
         <name>_EPwm5Regs</name>
         <value>0x6900</value>
         <object_component_ref idref="oc-116"/>
      </symbol>
      <symbol id="sm-535">
         <name>_SpiaRegs</name>
         <value>0x7040</value>
         <object_component_ref idref="oc-f8"/>
      </symbol>
      <symbol id="sm-536">
         <name>_ECanaMOTSRegs</name>
         <value>0x6080</value>
         <object_component_ref idref="oc-110"/>
      </symbol>
      <symbol id="sm-537">
         <name>_DmaRegs</name>
         <value>0x1000</value>
         <object_component_ref idref="oc-11c"/>
      </symbol>
      <symbol id="sm-538">
         <name>_FlashRegs</name>
         <value>0xa80</value>
         <object_component_ref idref="oc-f2"/>
      </symbol>
      <symbol id="sm-539">
         <name>_CpuTimer0Regs</name>
         <value>0xc00</value>
         <object_component_ref idref="oc-ee"/>
      </symbol>
      <symbol id="sm-53a">
         <name>_DevEmuRegs</name>
         <value>0x880</value>
         <object_component_ref idref="oc-ed"/>
      </symbol>
      <symbol id="sm-53b">
         <name>_EPwm6Regs</name>
         <value>0x6940</value>
         <object_component_ref idref="oc-117"/>
      </symbol>
      <symbol id="sm-53c">
         <name>_Comp1Regs</name>
         <value>0x6400</value>
         <object_component_ref idref="oc-fb"/>
      </symbol>
      <symbol id="sm-53d">
         <name>_SciaRegs</name>
         <value>0x7050</value>
         <object_component_ref idref="oc-f6"/>
      </symbol>
      <symbol id="sm-53e">
         <name>_GpioDataRegs</name>
         <value>0x6fc0</value>
         <object_component_ref idref="oc-102"/>
      </symbol>
      <symbol id="sm-53f">
         <name>_CsmPwl</name>
         <value>0x3f7ff8</value>
         <object_component_ref idref="oc-f1"/>
      </symbol>
      <symbol id="sm-540">
         <name>_AdcRegs</name>
         <value>0x7100</value>
         <object_component_ref idref="oc-11b"/>
      </symbol>
      <symbol id="sm-541">
         <name>_EPwm7Regs</name>
         <value>0x6980</value>
         <object_component_ref idref="oc-118"/>
      </symbol>
      <symbol id="sm-542">
         <name>_Comp2Regs</name>
         <value>0x6420</value>
         <object_component_ref idref="oc-fc"/>
      </symbol>
      <symbol id="sm-543">
         <name>_XIntruptRegs</name>
         <value>0x7070</value>
         <object_component_ref idref="oc-fa"/>
      </symbol>
      <symbol id="sm-544">
         <name>_CpuTimer2Regs</name>
         <value>0xc10</value>
         <object_component_ref idref="oc-f0"/>
      </symbol>
      <symbol id="sm-545">
         <name>_HRCap1Regs</name>
         <value>0x6ac0</value>
         <object_component_ref idref="oc-104"/>
      </symbol>
      <symbol id="sm-546">
         <name>_PieCtrlRegs</name>
         <value>0xce0</value>
         <object_component_ref idref="oc-fe"/>
      </symbol>
      <symbol id="sm-547">
         <name>_SpibRegs</name>
         <value>0x7740</value>
         <object_component_ref idref="oc-f9"/>
      </symbol>
      <symbol id="sm-548">
         <name>_ECanaRegs</name>
         <value>0x6000</value>
         <object_component_ref idref="oc-10d"/>
      </symbol>
      <symbol id="sm-549">
         <name>_Comp3Regs</name>
         <value>0x6440</value>
         <object_component_ref idref="oc-fd"/>
      </symbol>
      <symbol id="sm-54a">
         <name>_ECap1Regs</name>
         <value>0x6a00</value>
         <object_component_ref idref="oc-ff"/>
      </symbol>
      <symbol id="sm-54b">
         <name>_EmuKey</name>
         <value>0xd00</value>
         <object_component_ref idref="oc-e8"/>
      </symbol>
      <symbol id="sm-54c">
         <name>_Cla1Regs</name>
         <value>0x1400</value>
         <object_component_ref idref="oc-10e"/>
      </symbol>
      <symbol id="sm-54d">
         <name>_EQep1Regs</name>
         <value>0x6b00</value>
         <object_component_ref idref="oc-108"/>
      </symbol>
      <symbol id="sm-54e">
         <name>_McbspaRegs</name>
         <value>0x5000</value>
         <object_component_ref idref="oc-10b"/>
      </symbol>
      <symbol id="sm-54f">
         <name>_EPwm1Regs</name>
         <value>0x6800</value>
         <object_component_ref idref="oc-112"/>
      </symbol>
      <symbol id="sm-550">
         <name>_ScibRegs</name>
         <value>0x7750</value>
         <object_component_ref idref="oc-f7"/>
      </symbol>
      <symbol id="sm-551">
         <name>_ECap2Regs</name>
         <value>0x6a20</value>
         <object_component_ref idref="oc-100"/>
      </symbol>
      <symbol id="sm-552">
         <name>_GpioIntRegs</name>
         <value>0x6fe0</value>
         <object_component_ref idref="oc-103"/>
      </symbol>
      <symbol id="sm-553">
         <name>_EQep2Regs</name>
         <value>0x6b40</value>
         <object_component_ref idref="oc-109"/>
      </symbol>
      <symbol id="sm-554">
         <name>_PartIdRegs</name>
         <value>0x3d7e80</value>
         <object_component_ref idref="oc-e7"/>
      </symbol>
      <symbol id="sm-555">
         <name>_HRCap3Regs</name>
         <value>0x6c80</value>
         <object_component_ref idref="oc-106"/>
      </symbol>
      <symbol id="sm-556">
         <name>_EPwm8Regs</name>
         <value>0x69c0</value>
         <object_component_ref idref="oc-119"/>
      </symbol>
      <symbol id="sm-557">
         <name>_Flash_CPUScaleFactor</name>
         <value>0xd04</value>
         <object_component_ref idref="oc-ea"/>
      </symbol>
      <symbol id="sm-558">
         <name>_EPwm2Regs</name>
         <value>0x6840</value>
         <object_component_ref idref="oc-113"/>
      </symbol>
      <symbol id="sm-559">
         <name>_ECanaMboxes</name>
         <value>0x6100</value>
         <object_component_ref idref="oc-11d"/>
      </symbol>
      <symbol id="sm-55a">
         <name>_ECap3Regs</name>
         <value>0x6a40</value>
         <object_component_ref idref="oc-101"/>
      </symbol>
      <symbol id="sm-55b">
         <name>_HRCap2Regs</name>
         <value>0x6ae0</value>
         <object_component_ref idref="oc-105"/>
      </symbol>
      <symbol id="sm-55c">
         <name>_NmiIntruptRegs</name>
         <value>0x7060</value>
         <object_component_ref idref="oc-f5"/>
      </symbol>
      <symbol id="sm-55d">
         <name>_ECanaMOTORegs</name>
         <value>0x60c0</value>
         <object_component_ref idref="oc-111"/>
      </symbol>
      <symbol id="sm-55e">
         <name>_Flash_CallbackPtr</name>
         <value>0xd02</value>
         <object_component_ref idref="oc-eb"/>
      </symbol>
      <symbol id="sm-55f">
         <name>_EPwm3Regs</name>
         <value>0x6880</value>
         <object_component_ref idref="oc-114"/>
      </symbol>
      <symbol id="sm-560">
         <name>_I2caRegs</name>
         <value>0x7900</value>
         <object_component_ref idref="oc-10a"/>
      </symbol>
      <symbol id="sm-599">
         <name>_InitPieCtrl</name>
         <value>0x3f5812</value>
         <object_component_ref idref="oc-1b1"/>
      </symbol>
      <symbol id="sm-59b">
         <name>_EnableInterrupts</name>
         <value>0x3f5831</value>
         <object_component_ref idref="oc-1b1"/>
      </symbol>
      <symbol id="sm-5ac">
         <name>_PieVectTableInit</name>
         <value>0x3edbe8</value>
         <object_component_ref idref="oc-1bb"/>
      </symbol>
      <symbol id="sm-5ad">
         <name>_InitPieVectTable</name>
         <value>0x3f583a</value>
         <object_component_ref idref="oc-1b2"/>
      </symbol>
      <symbol id="sm-5d9">
         <name>_InitPll</name>
         <value>0x3f4f4e</value>
         <object_component_ref idref="oc-1b0"/>
      </symbol>
      <symbol id="sm-5db">
         <name>_IntOsc1Sel</name>
         <value>0x3f5057</value>
         <object_component_ref idref="oc-1b0"/>
      </symbol>
      <symbol id="sm-5dd">
         <name>_ExtOscSel</name>
         <value>0x3f509c</value>
         <object_component_ref idref="oc-1b0"/>
      </symbol>
      <symbol id="sm-5df">
         <name>_DisableDog</name>
         <value>0x3f4f46</value>
         <object_component_ref idref="oc-1b0"/>
      </symbol>
      <symbol id="sm-5e1">
         <name>_InitPeripheralClocks</name>
         <value>0x3f4fd0</value>
         <object_component_ref idref="oc-1b0"/>
      </symbol>
      <symbol id="sm-5e3">
         <name>_IntOsc2Sel</name>
         <value>0x3f5067</value>
         <object_component_ref idref="oc-1b0"/>
      </symbol>
      <symbol id="sm-5e5">
         <name>_InitFlash</name>
         <value>0x80ca</value>
         <object_component_ref idref="oc-1b4"/>
      </symbol>
      <symbol id="sm-5e7">
         <name>_CsmUnlock</name>
         <value>0x3f5026</value>
         <object_component_ref idref="oc-1b0"/>
      </symbol>
      <symbol id="sm-5e9">
         <name>_InitPll2</name>
         <value>0x3f4fa2</value>
         <object_component_ref idref="oc-1b0"/>
      </symbol>
      <symbol id="sm-5eb">
         <name>_ServiceDog</name>
         <value>0x3f4f3c</value>
         <object_component_ref idref="oc-1b0"/>
      </symbol>
      <symbol id="sm-5ed">
         <name>_XtalOscSel</name>
         <value>0x3f5081</value>
         <object_component_ref idref="oc-1b0"/>
      </symbol>
      <symbol id="sm-5ef">
         <name>_InitSysCtrl</name>
         <value>0x3f4f22</value>
         <object_component_ref idref="oc-1b0"/>
      </symbol>
      <symbol id="sm-605">
         <name>_DSP28x_usDelay</name>
         <value>0x80e5</value>
         <object_component_ref idref="oc-158"/>
      </symbol>
      <symbol id="sm-613">
         <name>_cos</name>
         <value>0x3f56c0</value>
         <object_component_ref idref="oc-1a3"/>
      </symbol>
      <symbol id="sm-614">
         <name>_cosf</name>
         <value>0x3f56c0</value>
         <object_component_ref idref="oc-1a3"/>
      </symbol>
      <symbol id="sm-622">
         <name>_sin</name>
         <value>0x3f565a</value>
         <object_component_ref idref="oc-1a4"/>
      </symbol>
      <symbol id="sm-623">
         <name>_sinf</name>
         <value>0x3f565a</value>
         <object_component_ref idref="oc-1a4"/>
      </symbol>
      <symbol id="sm-63f">
         <name>_c_int00</name>
         <value>0x3f5723</value>
         <object_component_ref idref="oc-53"/>
      </symbol>
      <symbol id="sm-640">
         <name>__stack</name>
         <value>0xac52</value>
         <object_component_ref idref="oc-167"/>
      </symbol>
      <symbol id="sm-651">
         <name>FS$$DIV</name>
         <value>0x3f54ee</value>
         <object_component_ref idref="oc-16d"/>
      </symbol>
      <symbol id="sm-65d">
         <name>U$$MOD</name>
         <value>0x3f58cb</value>
         <object_component_ref idref="oc-172"/>
      </symbol>
      <symbol id="sm-65e">
         <name>U$$DIV</name>
         <value>0x3f58c6</value>
         <object_component_ref idref="oc-172"/>
      </symbol>
      <symbol id="sm-66d">
         <name>_copy_in</name>
         <value>0x3f5860</value>
         <object_component_ref idref="oc-19d"/>
      </symbol>
      <symbol id="sm-67f">
         <name>_memcpy</name>
         <value>0x3f5884</value>
         <object_component_ref idref="oc-1ac"/>
      </symbol>
      <symbol id="sm-68c">
         <name>__system_pre_init</name>
         <value>0x3f58ec</value>
         <object_component_ref idref="oc-19c"/>
      </symbol>
      <symbol id="sm-69a">
         <name>__system_post_cinit</name>
         <value>0x3f58ee</value>
         <object_component_ref idref="oc-19e"/>
      </symbol>
      <symbol id="sm-6af">
         <name>C$$EXIT</name>
         <value>0x3f57e9</value>
         <object_component_ref idref="oc-1a0"/>
      </symbol>
      <symbol id="sm-6b0">
         <name>_exit</name>
         <value>0x3f57eb</value>
         <object_component_ref idref="oc-1a0"/>
      </symbol>
      <symbol id="sm-6b2">
         <name>___TI_cleanup_ptr</name>
         <value>0xa6a0</value>
         <object_component_ref idref="oc-18d"/>
      </symbol>
      <symbol id="sm-6b3">
         <name>___TI_enable_exit_profile_output</name>
         <value>0xa69e</value>
         <object_component_ref idref="oc-18d"/>
      </symbol>
      <symbol id="sm-6b4">
         <name>_abort</name>
         <value>0x3f57e9</value>
         <object_component_ref idref="oc-1a0"/>
      </symbol>
      <symbol id="sm-6b6">
         <name>___TI_dtors_ptr</name>
         <value>0xa6a2</value>
         <object_component_ref idref="oc-18d"/>
      </symbol>
      <symbol id="sm-6ca">
         <name>__unlock</name>
         <value>0xa852</value>
         <object_component_ref idref="oc-1d6"/>
      </symbol>
      <symbol id="sm-6cb">
         <name>__lock</name>
         <value>0xa850</value>
         <object_component_ref idref="oc-1ae"/>
      </symbol>
      <symbol id="sm-6cc">
         <name>__register_lock</name>
         <value>0x3f58d5</value>
         <object_component_ref idref="oc-1b9"/>
      </symbol>
      <symbol id="sm-6ce">
         <name>__nop</name>
         <value>0x3f58d9</value>
         <object_component_ref idref="oc-1b9"/>
      </symbol>
      <symbol id="sm-6d0">
         <name>__register_unlock</name>
         <value>0x3f58d1</value>
         <object_component_ref idref="oc-1b9"/>
      </symbol>
      <symbol id="sm-6e0">
         <name>__args_main</name>
         <value>0x3f58b4</value>
         <object_component_ref idref="oc-19f"/>
      </symbol>
   </symbol_table>
   <title>Link successful</title>
</link_info>
